
 Start Length Name Class
 0001:00401000 0000B358CH _TEXT                  CODE
 0002:004B5000 00007D610H _DATA                  DATA
 0003:00532610 0000098F0H _BSS                   BSS
 0004:00000000 00000009CH _TLS                   TLS


Detailed map of segments
 0001:000002B8 0000014F C=CODE    S=_TEXT    G=(none)   M=C:\BCC56\LIB\C0W32.OBJ ACBP=A9
 0001:00000408 000000A5 C=CODE    S=_TEXT    G=(none)   M=C:\USERS\EDUARDO\DESKTOP\TESTPRINTER\OBJ\MAIN.OBJ ACBP=A9
 0001:000004B0 000000FB C=CODE    S=_TEXT    G=(none)   M=C:\FWH804\LIB\FIVEHX.LIB|ACTIVEX ACBP=A9
 0001:000005AC 00000083 C=CODE    S=_TEXT    G=(none)   M=C:\FWH804\LIB\FIVEHX.LIB|ALERT ACBP=A9
 0001:00000630 0000024E C=CODE    S=_TEXT    G=(none)   M=C:\FWH804\LIB\FIVEHX.LIB|BAR ACBP=A9
 0001:00000880 0000030E C=CODE    S=_TEXT    G=(none)   M=C:\FWH804\LIB\FIVEHX.LIB|BITMAP ACBP=A9
 0001:00000B90 000000B3 C=CODE    S=_TEXT    G=(none)   M=C:\FWH804\LIB\FIVEHX.LIB|BRUSH ACBP=A9
 0001:00000C44 0000012B C=CODE    S=_TEXT    G=(none)   M=C:\FWH804\LIB\FIVEHX.LIB|BUTTON ACBP=A9
 0001:00000D70 0000012B C=CODE    S=_TEXT    G=(none)   M=C:\FWH804\LIB\FIVEHX.LIB|CLIPBRD ACBP=A9
 0001:00000E9C 00000296 C=CODE    S=_TEXT    G=(none)   M=C:\FWH804\LIB\FIVEHX.LIB|COMBOBOX ACBP=A9
 0001:00001134 0000009B C=CODE    S=_TEXT    G=(none)   M=C:\FWH804\LIB\FIVEHX.LIB|CURSOR ACBP=A9
 0001:000011D0 000000E3 C=CODE    S=_TEXT    G=(none)   M=C:\FWH804\LIB\FIVEHX.LIB|DDE ACBP=A9
 0001:000012B4 000002C6 C=CODE    S=_TEXT    G=(none)   M=C:\FWH804\LIB\FIVEHX.LIB|DIALOG ACBP=A9
 0001:0000157C 000000B3 C=CODE    S=_TEXT    G=(none)   M=C:\FWH804\LIB\FIVEHX.LIB|DLGFIND ACBP=A9
 0001:00001630 00000263 C=CODE    S=_TEXT    G=(none)   M=C:\FWH804\LIB\FIVEHX.LIB|FILENAME ACBP=A9
 0001:00001894 000000FB C=CODE    S=_TEXT    G=(none)   M=C:\FWH804\LIB\FIVEHX.LIB|FONT ACBP=A9
 0001:00001990 0000006B C=CODE    S=_TEXT    G=(none)   M=C:\FWH804\LIB\FIVEHX.LIB|FWERROR ACBP=A9
 0001:000019FC 000000B3 C=CODE    S=_TEXT    G=(none)   M=C:\FWH804\LIB\FIVEHX.LIB|GETTASKS ACBP=A9
 0001:00001AB0 00000113 C=CODE    S=_TEXT    G=(none)   M=C:\FWH804\LIB\FIVEHX.LIB|GETSYSIN ACBP=A9
 0001:00001BC4 000002C3 C=CODE    S=_TEXT    G=(none)   M=C:\FWH804\LIB\FIVEHX.LIB|HARBOUR ACBP=A9
 0001:00001E88 0000012B C=CODE    S=_TEXT    G=(none)   M=C:\FWH804\LIB\FIVEHX.LIB|ICON ACBP=A9
 0001:00001FB4 000000E3 C=CODE    S=_TEXT    G=(none)   M=C:\FWH804\LIB\FIVEHX.LIB|INI ACBP=A9
 0001:00002098 00000266 C=CODE    S=_TEXT    G=(none)   M=C:\FWH804\LIB\FIVEHX.LIB|listbox ACBP=A9
 0001:00002300 0000012E C=CODE    S=_TEXT    G=(none)   M=C:\FWH804\LIB\FIVEHX.LIB|MDICHILD ACBP=A9
 0001:00002430 0000012B C=CODE    S=_TEXT    G=(none)   M=C:\FWH804\LIB\FIVEHX.LIB|MDICLIEN ACBP=A9
 0001:0000255C 000002C6 C=CODE    S=_TEXT    G=(none)   M=C:\FWH804\LIB\FIVEHX.LIB|MENU ACBP=A9
 0001:00002824 0000015B C=CODE    S=_TEXT    G=(none)   M=C:\FWH804\LIB\FIVEHX.LIB|MENUITEM ACBP=A9
 0001:00002980 00000326 C=CODE    S=_TEXT    G=(none)   M=C:\FWH804\LIB\FIVEHX.LIB|MGET ACBP=A9
 0001:00002CA8 0000009B C=CODE    S=_TEXT    G=(none)   M=C:\FWH804\LIB\FIVEHX.LIB|MSGRUN ACBP=A9
 0001:00002D44 000000CB C=CODE    S=_TEXT    G=(none)   M=C:\FWH804\LIB\FIVEHX.LIB|PDMENU ACBP=A9
 0001:00002E10 00000083 C=CODE    S=_TEXT    G=(none)   M=C:\FWH804\LIB\FIVEHX.LIB|PEN ACBP=A9
 0001:00002E94 000002F6 C=CODE    S=_TEXT    G=(none)   M=C:\FWH804\LIB\FIVEHX.LIB|PRINTER ACBP=A9
 0001:0000318C 00000143 C=CODE    S=_TEXT    G=(none)   M=C:\FWH804\LIB\FIVEHX.LIB|RADIO ACBP=A9
 0001:000032D0 00000143 C=CODE    S=_TEXT    G=(none)   M=C:\FWH804\LIB\FIVEHX.LIB|RADMENU ACBP=A9
 0001:00003414 0000009B C=CODE    S=_TEXT    G=(none)   M=C:\FWH804\LIB\FIVEHX.LIB|REBAR ACBP=A9
 0001:000034B0 00000083 C=CODE    S=_TEXT    G=(none)   M=C:\FWH804\LIB\FIVEHX.LIB|RECT ACBP=A9
 0001:00003534 00000143 C=CODE    S=_TEXT    G=(none)   M=C:\FWH804\LIB\FIVEHX.LIB|REG32 ACBP=A9
 0001:00003678 0000027E C=CODE    S=_TEXT    G=(none)   M=C:\FWH804\LIB\FIVEHX.LIB|RPREVIEW ACBP=A9
 0001:000038F8 00000143 C=CODE    S=_TEXT    G=(none)   M=C:\FWH804\LIB\FIVEHX.LIB|SAY ACBP=A9
 0001:00003A3C 000000FB C=CODE    S=_TEXT    G=(none)   M=C:\FWH804\LIB\FIVEHX.LIB|SCRLLBAR ACBP=A9
 0001:00003B38 00000173 C=CODE    S=_TEXT    G=(none)   M=C:\FWH804\LIB\FIVEHX.LIB|STATUSBA ACBP=A9
 0001:00003CAC 000000E3 C=CODE    S=_TEXT    G=(none)   M=C:\FWH804\LIB\FIVEHX.LIB|TACCTBL ACBP=A9
 0001:00003D90 00000083 C=CODE    S=_TEXT    G=(none)   M=C:\FWH804\LIB\FIVEHX.LIB|TCLIPGET ACBP=A9
 0001:00003E14 0000018B C=CODE    S=_TEXT    G=(none)   M=C:\FWH804\LIB\FIVEHX.LIB|TFile ACBP=A9
 0001:00003FA0 00000143 C=CODE    S=_TEXT    G=(none)   M=C:\FWH804\LIB\FIVEHX.LIB|TOOLBAR ACBP=A9
 0001:000040E4 000000CB C=CODE    S=_TEXT    G=(none)   M=C:\FWH804\LIB\FIVEHX.LIB|TIMAGLST ACBP=A9
 0001:000041B0 000000CB C=CODE    S=_TEXT    G=(none)   M=C:\FWH804\LIB\FIVEHX.LIB|TIMER ACBP=A9
 0001:0000427C 000001D3 C=CODE    S=_TEXT    G=(none)   M=C:\FWH804\LIB\FIVEHX.LIB|TMETAFIL ACBP=A9
 0001:00004450 000000E3 C=CODE    S=_TEXT    G=(none)   M=C:\FWH804\LIB\FIVEHX.LIB|TMSGITEM ACBP=A9
 0001:00004534 000000FB C=CODE    S=_TEXT    G=(none)   M=C:\FWH804\LIB\FIVEHX.LIB|TStruct ACBP=A9
 0001:00004630 00000083 C=CODE    S=_TEXT    G=(none)   M=C:\FWH804\LIB\FIVEHX.LIB|VALBLANK ACBP=A9
 0001:000046B4 0000009B C=CODE    S=_TEXT    G=(none)   M=C:\FWH804\LIB\FIVEHX.LIB|XPAD ACBP=A9
 0001:00004750 0000045E C=CODE    S=_TEXT    G=(none)   M=C:\FWH804\LIB\FIVEHX.LIB|TGET ACBP=A9
 0001:00004BB0 000000E3 C=CODE    S=_TEXT    G=(none)   M=C:\FWH804\LIB\FIVEHX.LIB|ERRSYSW ACBP=A9
 0001:00004C94 000009B6 C=CODE    S=_TEXT    G=(none)   M=C:\FWH804\LIB\FIVEHX.LIB|WINDOW ACBP=A9
 0001:0000564C 00000113 C=CODE    S=_TEXT    G=(none)   M=C:\FWH804\LIB\FIVEHX.LIB|MDIFRAME ACBP=A9
 0001:00005760 00000266 C=CODE    S=_TEXT    G=(none)   M=C:\FWH804\LIB\FIVEHX.LIB|BTNBMP ACBP=A9
 0001:000059C8 00000113 C=CODE    S=_TEXT    G=(none)   M=C:\FWH804\LIB\FIVEHX.LIB|HELP32 ACBP=A9
 0001:00005ADC 00000266 C=CODE    S=_TEXT    G=(none)   M=C:\FWH804\LIB\FIVEHX.LIB|MSGBAR ACBP=A9
 0001:00005D44 000001A3 C=CODE    S=_TEXT    G=(none)   M=C:\FWH804\LIB\FIVEHX.LIB|TTxtFile ACBP=A9
 0001:00005EE8 000003E6 C=CODE    S=_TEXT    G=(none)   M=C:\FWH804\LIB\FIVEHX.LIB|CONTROL ACBP=A9
 0001:000062D0 000002F8 C=CODE    S=_TEXT    G=(none)   M=C:\FWH804\LIB\FIVEHX.LIB|HELPCHM ACBP=A9
 0001:000065C8 000018B8 C=CODE    S=_TEXT    G=(none)   M=C:\FWH804\LIB\FIVEHC.LIB|ACTX ACBP=A9
 0001:00007E80 000001B7 C=CODE    S=_TEXT    G=(none)   M=C:\FWH804\LIB\FIVEHC.LIB|ACCELERA ACBP=A9
 0001:00008038 000000F4 C=CODE    S=_TEXT    G=(none)   M=C:\FWH804\LIB\FIVEHC.LIB|ANSIUP ACBP=A9
 0001:0000812C 00000071 C=CODE    S=_TEXT    G=(none)   M=C:\FWH804\LIB\FIVEHC.LIB|ATOM ACBP=A9
 0001:000081A0 00000391 C=CODE    S=_TEXT    G=(none)   M=C:\FWH804\LIB\FIVEHC.LIB|BARTOOLS ACBP=A9
 0001:00008534 00000B82 C=CODE    S=_TEXT    G=(none)   M=C:\FWH804\LIB\FIVEHC.LIB|BMPDRAW ACBP=A9
 0001:000090B8 00000157 C=CODE    S=_TEXT    G=(none)   M=C:\FWH804\LIB\FIVEHC.LIB|BMPREAD ACBP=A9
 0001:00009210 0000102E C=CODE    S=_TEXT    G=(none)   M=C:\FWH804\LIB\FIVEHC.LIB|BRUSHES ACBP=A9
 0001:0000A240 00000567 C=CODE    S=_TEXT    G=(none)   M=C:\FWH804\LIB\FIVEHC.LIB|CALLDLL ACBP=A9
 0001:0000A7A8 0000023D C=CODE    S=_TEXT    G=(none)   M=C:\FWH804\LIB\FIVEHC.LIB|CALDLL32 ACBP=A9
 0001:0000A9E8 000000B3 C=CODE    S=_TEXT    G=(none)   M=C:\FWH804\LIB\FIVEHC.LIB|CARET ACBP=A9
 0001:0000AA9C 00000068 C=CODE    S=_TEXT    G=(none)   M=C:\FWH804\LIB\FIVEHC.LIB|CHANGEPR ACBP=A9
 0001:0000AB04 00000192 C=CODE    S=_TEXT    G=(none)   M=C:\FWH804\LIB\FIVEHC.LIB|CLPBRD ACBP=A9
 0001:0000AC98 00000136 C=CODE    S=_TEXT    G=(none)   M=C:\FWH804\LIB\FIVEHC.LIB|CLRCHOOS ACBP=A9
 0001:0000ADD0 00000104 C=CODE    S=_TEXT    G=(none)   M=C:\FWH804\LIB\FIVEHC.LIB|CLT2SCR ACBP=A9
 0001:0000AED4 000000F7 C=CODE    S=_TEXT    G=(none)   M=C:\FWH804\LIB\FIVEHC.LIB|COLOR ACBP=A9
 0001:0000AFCC 000002A7 C=CODE    S=_TEXT    G=(none)   M=C:\FWH804\LIB\FIVEHC.LIB|COLORTON ACBP=A9
 0001:0000B274 0000002C C=CODE    S=_TEXT    G=(none)   M=C:\FWH804\LIB\FIVEHC.LIB|CREATEPA ACBP=A9
 0001:0000B2A0 0000002C C=CODE    S=_TEXT    G=(none)   M=C:\FWH804\LIB\FIVEHC.LIB|CREATEPE ACBP=A9
 0001:0000B2CC 00000061 C=CODE    S=_TEXT    G=(none)   M=C:\FWH804\LIB\FIVEHC.LIB|CREATESO ACBP=A9
 0001:0000B330 000000D3 C=CODE    S=_TEXT    G=(none)   M=C:\FWH804\LIB\FIVEHC.LIB|CREATWND ACBP=A9
 0001:0000B404 00000301 C=CODE    S=_TEXT    G=(none)   M=C:\FWH804\LIB\FIVEHC.LIB|CTL3D ACBP=A9
 0001:0000B708 00002B2D C=CODE    S=_TEXT    G=(none)   M=C:\FWH804\LIB\FIVEHC.LIB|CTLHDLEH ACBP=A9
 0001:0000E238 00000676 C=CODE    S=_TEXT    G=(none)   M=C:\FWH804\LIB\FIVEHC.LIB|CTRLDRAW ACBP=A9
 0001:0000E8B0 000001E0 C=CODE    S=_TEXT    G=(none)   M=C:\FWH804\LIB\FIVEHC.LIB|CTRL2CHR ACBP=A9
 0001:0000EA90 000009DE C=CODE    S=_TEXT    G=(none)   M=C:\FWH804\LIB\FIVEHC.LIB|CURSORS ACBP=A9
 0001:0000F470 000003DB C=CODE    S=_TEXT    G=(none)   M=C:\FWH804\LIB\FIVEHC.LIB|DC ACBP=A9
 0001:0000F84C 0000007A C=CODE    S=_TEXT    G=(none)   M=C:\FWH804\LIB\FIVEHC.LIB|DDEXC ACBP=A9
 0001:0000F8C8 00000056 C=CODE    S=_TEXT    G=(none)   M=C:\FWH804\LIB\FIVEHC.LIB|DELOBJEC ACBP=A9
 0001:0000F920 00000491 C=CODE    S=_TEXT    G=(none)   M=C:\FWH804\LIB\FIVEHC.LIB|DIB ACBP=A9
 0001:0000FDB4 0000029A C=CODE    S=_TEXT    G=(none)   M=C:\FWH804\LIB\FIVEHC.LIB|DIBBMP ACBP=A9
 0001:00010050 00000378 C=CODE    S=_TEXT    G=(none)   M=C:\FWH804\LIB\FIVEHC.LIB|DLGBOX ACBP=A9
 0001:000103C8 00000238 C=CODE    S=_TEXT    G=(none)   M=C:\FWH804\LIB\FIVEHC.LIB|DLG2CHR ACBP=A9
 0001:00010600 00000034 C=CODE    S=_TEXT    G=(none)   M=C:\FWH804\LIB\FIVEHC.LIB|DLL ACBP=A9
 0001:00010634 000002B5 C=CODE    S=_TEXT    G=(none)   M=C:\FWH804\LIB\FIVEHC.LIB|DOTS ACBP=A9
 0001:000108EC 0000066A C=CODE    S=_TEXT    G=(none)   M=C:\FWH804\LIB\FIVEHC.LIB|DRAWING ACBP=A9
 0001:00010F58 00000109 C=CODE    S=_TEXT    G=(none)   M=C:\FWH804\LIB\FIVEHC.LIB|DRAWITEM ACBP=A9
 0001:00011064 00000308 C=CODE    S=_TEXT    G=(none)   M=C:\FWH804\LIB\FIVEHC.LIB|DRIVES ACBP=A9
 0001:0001136C 000000D0 C=CODE    S=_TEXT    G=(none)   M=C:\FWH804\LIB\FIVEHC.LIB|DROPFILE ACBP=A9
 0001:0001143C 000000A5 C=CODE    S=_TEXT    G=(none)   M=C:\FWH804\LIB\FIVEHC.LIB|FINDTEXT ACBP=A9
 0001:000114E4 00000651 C=CODE    S=_TEXT    G=(none)   M=C:\FWH804\LIB\FIVEHC.LIB|FONTS ACBP=A9
 0001:00011B38 000002AE C=CODE    S=_TEXT    G=(none)   M=C:\FWH804\LIB\FIVEHC.LIB|FTEXT ACBP=A9
 0001:00011DE8 00000552 C=CODE    S=_TEXT    G=(none)   M=C:\FWH804\LIB\FIVEHC.LIB|FWARRAY ACBP=A9
 0001:0001233C 0000135B C=CODE    S=_TEXT    G=(none)   M=C:\FWH804\LIB\FIVEHC.LIB|FWBMP ACBP=A9
 0001:00013698 00000197 C=CODE    S=_TEXT    G=(none)   M=C:\FWH804\LIB\FIVEHC.LIB|FFDLGPRC ACBP=A9
 0001:00013830 00000541 C=CODE    S=_TEXT    G=(none)   M=C:\FWH804\LIB\FIVEHC.LIB|FWPALCTL ACBP=A9
 0001:00013D74 0000010C C=CODE    S=_TEXT    G=(none)   M=C:\FWH804\LIB\FIVEHC.LIB|FFWNDRUN ACBP=A9
 0001:00013E80 0000006C C=CODE    S=_TEXT    G=(none)   M=C:\FWH804\LIB\FIVEHC.LIB|GETDLGIT ACBP=A9
 0001:00013EEC 0000049F C=CODE    S=_TEXT    G=(none)   M=C:\FWH804\LIB\FIVEHC.LIB|GETFILE ACBP=A9
 0001:0001438C 000000E9 C=CODE    S=_TEXT    G=(none)   M=C:\FWH804\LIB\FIVEHC.LIB|GETPROCA ACBP=A9
 0001:00014478 0000005E C=CODE    S=_TEXT    G=(none)   M=C:\FWH804\LIB\FIVEHC.LIB|GETSTKOB ACBP=A9
 0001:000144D8 000000F4 C=CODE    S=_TEXT    G=(none)   M=C:\FWH804\LIB\FIVEHC.LIB|GETTEXT ACBP=A9
 0001:000145CC 00000105 C=CODE    S=_TEXT    G=(none)   M=C:\FWH804\LIB\FIVEHC.LIB|GETTEXTW ACBP=A9
 0001:000146D4 000000C4 C=CODE    S=_TEXT    G=(none)   M=C:\FWH804\LIB\FIVEHC.LIB|GETWND ACBP=A9
 0001:00014798 000004AA C=CODE    S=_TEXT    G=(none)   M=C:\FWH804\LIB\FIVEHC.LIB|HANDLIST ACBP=A9
 0001:00014C44 0000025C C=CODE    S=_TEXT    G=(none)   M=C:\FWH804\LIB\FIVEHC.LIB|HARBOURC ACBP=A9
 0001:00014EA0 00000279 C=CODE    S=_TEXT    G=(none)   M=C:\FWH804\LIB\FIVEHC.LIB|HELP ACBP=A9
 0001:0001511C 000000B8 C=CODE    S=_TEXT    G=(none)   M=C:\FWH804\LIB\FIVEHC.LIB|HILOWORD ACBP=A9
 0001:000151D4 0000053D C=CODE    S=_TEXT    G=(none)   M=C:\FWH804\LIB\FIVEHC.LIB|ICONS ACBP=A9
 0001:00015714 000001FF C=CODE    S=_TEXT    G=(none)   M=C:\FWH804\LIB\FIVEHC.LIB|IMAGELIS ACBP=A9
 0001:00015914 0000011E C=CODE    S=_TEXT    G=(none)   M=C:\FWH804\LIB\FIVEHC.LIB|INSTANCE ACBP=A9
 0001:00015A34 0000016A C=CODE    S=_TEXT    G=(none)   M=C:\FWH804\LIB\FIVEHC.LIB|KEYBRD ACBP=A9
 0001:00015BA0 0000011F C=CODE    S=_TEXT    G=(none)   M=C:\FWH804\LIB\FIVEHC.LIB|LBX ACBP=A9
 0001:00015CC0 00000055 C=CODE    S=_TEXT    G=(none)   M=C:\FWH804\LIB\FIVEHC.LIB|LOADBMP ACBP=A9
 0001:00015D18 00000034 C=CODE    S=_TEXT    G=(none)   M=C:\FWH804\LIB\FIVEHC.LIB|MAKELONG ACBP=A9
 0001:00015D4C 000001D5 C=CODE    S=_TEXT    G=(none)   M=C:\FWH804\LIB\FIVEHC.LIB|MDI ACBP=A9
 0001:00015F24 000001D3 C=CODE    S=_TEXT    G=(none)   M=C:\FWH804\LIB\FIVEHC.LIB|MEM ACBP=A9
 0001:000160F8 000006F4 C=CODE    S=_TEXT    G=(none)   M=C:\FWH804\LIB\FIVEHC.LIB|MENUS ACBP=A9
 0001:000167EC 00000336 C=CODE    S=_TEXT    G=(none)   M=C:\FWH804\LIB\FIVEHC.LIB|METAFILE ACBP=A9
 0001:00016B24 00000222 C=CODE    S=_TEXT    G=(none)   M=C:\FWH804\LIB\FIVEHC.LIB|METAFI32 ACBP=A9
 0001:00016D48 000000A4 C=CODE    S=_TEXT    G=(none)   M=C:\FWH804\LIB\FIVEHC.LIB|MGETCREA ACBP=A9
 0001:00016DEC 0000006A C=CODE    S=_TEXT    G=(none)   M=C:\FWH804\LIB\FIVEHC.LIB|MOVETO ACBP=A9
 0001:00016E58 0000001F C=CODE    S=_TEXT    G=(none)   M=C:\FWH804\LIB\FIVEHC.LIB|MSGBEEP ACBP=A9
 0001:00016E78 00000862 C=CODE    S=_TEXT    G=(none)   M=C:\FWH804\LIB\FIVEHC.LIB|MSGS ACBP=A9
 0001:000176DC 000000DB C=CODE    S=_TEXT    G=(none)   M=C:\FWH804\LIB\FIVEHC.LIB|MSGSAPI ACBP=A9
 0001:000177B8 000003C4 C=CODE    S=_TEXT    G=(none)   M=C:\FWH804\LIB\FIVEHC.LIB|MSGTOOLS ACBP=A9
 0001:00017B7C 00000041 C=CODE    S=_TEXT    G=(none)   M=C:\FWH804\LIB\FIVEHC.LIB|NOTIFY ACBP=A9
 0001:00017BC0 000001C3 C=CODE    S=_TEXT    G=(none)   M=C:\FWH804\LIB\FIVEHC.LIB|OEMANSI ACBP=A9
 0001:00017D84 00000E21 C=CODE    S=_TEXT    G=(none)   M=C:\FWH804\LIB\FIVEHC.LIB|ole ACBP=A9
 0001:00018BA8 000001F5 C=CODE    S=_TEXT    G=(none)   M=C:\FWH804\LIB\FIVEHC.LIB|OR ACBP=A9
 0001:00018DA0 00000058 C=CODE    S=_TEXT    G=(none)   M=C:\FWH804\LIB\FIVEHC.LIB|PAINT ACBP=A9
 0001:00018DF8 0000005C C=CODE    S=_TEXT    G=(none)   M=C:\FWH804\LIB\FIVEHC.LIB|PEEKMSG ACBP=A9
 0001:00018E54 00000BDD C=CODE    S=_TEXT    G=(none)   M=C:\FWH804\LIB\FIVEHC.LIB|PRINTDC ACBP=A9
 0001:00019A34 0000020D C=CODE    S=_TEXT    G=(none)   M=C:\FWH804\LIB\FIVEHC.LIB|PROFILE ACBP=A9
 0001:00019C44 000000D3 C=CODE    S=_TEXT    G=(none)   M=C:\FWH804\LIB\FIVEHC.LIB|REBARS ACBP=A9
 0001:00019D18 00000629 C=CODE    S=_TEXT    G=(none)   M=C:\FWH804\LIB\FIVEHC.LIB|RECTS ACBP=A9
 0001:0001A344 0000010D C=CODE    S=_TEXT    G=(none)   M=C:\FWH804\LIB\FIVEHC.LIB|REGCLASS ACBP=A9
 0001:0001A454 000002CC C=CODE    S=_TEXT    G=(none)   M=C:\FWH804\LIB\FIVEHC.LIB|REGEDIT ACBP=A9
 0001:0001A720 00000343 C=CODE    S=_TEXT    G=(none)   M=C:\FWH804\LIB\FIVEHC.LIB|RESCHECK ACBP=A9
 0001:0001AA64 000001AB C=CODE    S=_TEXT    G=(none)   M=C:\FWH804\LIB\FIVEHC.LIB|RESOURCE ACBP=A9
 0001:0001AC10 0000015A C=CODE    S=_TEXT    G=(none)   M=C:\FWH804\LIB\FIVEHC.LIB|SCROLL ACBP=A9
 0001:0001AD6C 00000023 C=CODE    S=_TEXT    G=(none)   M=C:\FWH804\LIB\FIVEHC.LIB|SELOBJEC ACBP=A9
 0001:0001AD90 00000057 C=CODE    S=_TEXT    G=(none)   M=C:\FWH804\LIB\FIVEHC.LIB|SETMAPMO ACBP=A9
 0001:0001ADE8 00000048 C=CODE    S=_TEXT    G=(none)   M=C:\FWH804\LIB\FIVEHC.LIB|SETTEXT ACBP=A9
 0001:0001AE30 00000043 C=CODE    S=_TEXT    G=(none)   M=C:\FWH804\LIB\FIVEHC.LIB|STRING ACBP=A9
 0001:0001AE74 000002C2 C=CODE    S=_TEXT    G=(none)   M=C:\FWH804\LIB\FIVEHC.LIB|STRTOKEN ACBP=A9
 0001:0001B138 0000014D C=CODE    S=_TEXT    G=(none)   M=C:\FWH804\LIB\FIVEHC.LIB|SYSREFRE ACBP=A9
 0001:0001B288 0000031C C=CODE    S=_TEXT    G=(none)   M=C:\FWH804\LIB\FIVEHC.LIB|TEXT ACBP=A9
 0001:0001B5A4 00000F0C C=CODE    S=_TEXT    G=(none)   M=C:\FWH804\LIB\FIVEHC.LIB|THEMES ACBP=A9
 0001:0001C4B0 00000069 C=CODE    S=_TEXT    G=(none)   M=C:\FWH804\LIB\FIVEHC.LIB|TIMERS ACBP=A9
 0001:0001C51C 000003BC C=CODE    S=_TEXT    G=(none)   M=C:\FWH804\LIB\FIVEHC.LIB|TOOLBARS ACBP=A9
 0001:0001C8D8 00000127 C=CODE    S=_TEXT    G=(none)   M=C:\FWH804\LIB\FIVEHC.LIB|TOOLTIP ACBP=A9
 0001:0001CA00 00000078 C=CODE    S=_TEXT    G=(none)   M=C:\FWH804\LIB\FIVEHC.LIB|WINDOWS ACBP=A9
 0001:0001CA78 0000024D C=CODE    S=_TEXT    G=(none)   M=C:\FWH804\LIB\FIVEHC.LIB|WINEXEC ACBP=A9
 0001:0001CCC8 000000AA C=CODE    S=_TEXT    G=(none)   M=C:\FWH804\LIB\FIVEHC.LIB|WMOUSE ACBP=A9
 0001:0001CD74 000005DD C=CODE    S=_TEXT    G=(none)   M=C:\FWH804\LIB\FIVEHC.LIB|WNDBOXES ACBP=A9
 0001:0001D354 000001AB C=CODE    S=_TEXT    G=(none)   M=C:\FWH804\LIB\FIVEHC.LIB|WNDCENTE ACBP=A9
 0001:0001D500 00000033 C=CODE    S=_TEXT    G=(none)   M=C:\FWH804\LIB\FIVEHC.LIB|WNDDESTR ACBP=A9
 0001:0001D534 0000040D C=CODE    S=_TEXT    G=(none)   M=C:\FWH804\LIB\FIVEHC.LIB|WNDIS ACBP=A9
 0001:0001D944 0000007B C=CODE    S=_TEXT    G=(none)   M=C:\FWH804\LIB\FIVEHC.LIB|WNDISOVE ACBP=A9
 0001:0001D9C0 00000B44 C=CODE    S=_TEXT    G=(none)   M=C:\FWH804\LIB\FIVEHC.LIB|WNDMOVE ACBP=A9
 0001:0001E504 00000050 C=CODE    S=_TEXT    G=(none)   M=C:\FWH804\LIB\FIVEHC.LIB|WNDPOS ACBP=A9
 0001:0001E554 0000018E C=CODE    S=_TEXT    G=(none)   M=C:\FWH804\LIB\FIVEHC.LIB|WNDPRINT ACBP=A9
 0001:0001E6E4 0000020C C=CODE    S=_TEXT    G=(none)   M=C:\FWH804\LIB\FIVEHC.LIB|WNDRUN ACBP=A9
 0001:0001E8F0 000002EC C=CODE    S=_TEXT    G=(none)   M=C:\FWH804\LIB\FIVEHC.LIB|WNDSAY ACBP=A9
 0001:0001EBDC 00000240 C=CODE    S=_TEXT    G=(none)   M=C:\FWH804\LIB\FIVEHC.LIB|WNDSCROL ACBP=A9
 0001:0001EE1C 0000003B C=CODE    S=_TEXT    G=(none)   M=C:\FWH804\LIB\FIVEHC.LIB|WNDUPDAT ACBP=A9
 0001:0001EE58 0000006D C=CODE    S=_TEXT    G=(none)   M=C:\FWH804\LIB\FIVEHC.LIB|XBPPPROC ACBP=A9
 0001:0001EEC8 0000007D C=CODE    S=_TEXT    G=(none)   M=C:\FWH804\LIB\FIVEHC.LIB|__WNDPRO ACBP=A9
 0001:0001EF45 00000085 C=CODE    S=_TEXT    G=(none)   M=C:\FWH804\LIB\FIVEHC.LIB|ANIGIF ACBP=A9
 0001:0001EFA0 00000191 C=CODE    S=_TEXT    G=(none)   M=C:\FWH804\LIB\FIVEHC.LIB|DEVICE ACBP=A9
 0001:0001F134 00000178 C=CODE    S=_TEXT    G=(none)   M=C:\XHB804\LIB\RTL.LIB|abs ACBP=A9
 0001:0001F2AC 000002AF C=CODE    S=_TEXT    G=(none)   M=C:\XHB804\LIB\RTL.LIB|at ACBP=A9
 0001:0001F55C 000005C8 C=CODE    S=_TEXT    G=(none)   M=C:\XHB804\LIB\RTL.LIB|bkgtsks ACBP=A9
 0001:0001FB24 000001CF C=CODE    S=_TEXT    G=(none)   M=C:\XHB804\LIB\RTL.LIB|binnum ACBP=A9
 0001:0001FCF4 00001E5E C=CODE    S=_TEXT    G=(none)   M=C:\XHB804\LIB\RTL.LIB|cdpapi ACBP=A9
 0001:00021B54 000000A2 C=CODE    S=_TEXT    G=(none)   M=C:\XHB804\LIB\RTL.LIB|chrasc ACBP=A9
 0001:00021BF8 000000B6 C=CODE    S=_TEXT    G=(none)   M=C:\XHB804\LIB\RTL.LIB|colorind ACBP=A9
 0001:00021CB0 000009C1 C=CODE    S=_TEXT    G=(none)   M=C:\XHB804\LIB\RTL.LIB|console ACBP=A9
 0001:00022674 00000143 C=CODE    S=_TEXT    G=(none)   M=C:\XHB804\LIB\RTL.LIB|datec ACBP=A9
 0001:000227B8 00000EDA C=CODE    S=_TEXT    G=(none)   M=C:\XHB804\LIB\RTL.LIB|dateshb ACBP=A9
 0001:00023694 000007AC C=CODE    S=_TEXT    G=(none)   M=C:\XHB804\LIB\RTL.LIB|direct ACBP=A9
 0001:00023E40 00000194 C=CODE    S=_TEXT    G=(none)   M=C:\XHB804\LIB\RTL.LIB|empty ACBP=A9
 0001:00023FD4 00000144 C=CODE    S=_TEXT    G=(none)   M=C:\XHB804\LIB\RTL.LIB|file ACBP=A9
 0001:00024118 00000072 C=CODE    S=_TEXT    G=(none)   M=C:\XHB804\LIB\RTL.LIB|filehb ACBP=A9
 0001:0002418C 0000166F C=CODE    S=_TEXT    G=(none)   M=C:\XHB804\LIB\RTL.LIB|filesys ACBP=A9
 0001:000257FC 000000B8 C=CODE    S=_TEXT    G=(none)   M=C:\XHB804\LIB\RTL.LIB|fserror ACBP=A9
 0001:000258B4 000000C0 C=CODE    S=_TEXT    G=(none)   M=C:\XHB804\LIB\RTL.LIB|fnsplit ACBP=A9
 0001:00025974 00000906 C=CODE    S=_TEXT    G=(none)   M=C:\XHB804\LIB\RTL.LIB|fparse ACBP=A9
 0001:0002627C 000000F4 C=CODE    S=_TEXT    G=(none)   M=C:\XHB804\LIB\RTL.LIB|fssize ACBP=A9
 0001:00026370 00000133 C=CODE    S=_TEXT    G=(none)   M=C:\XHB804\LIB\RTL.LIB|fstemp ACBP=A9
 0001:000264A4 000000A2 C=CODE    S=_TEXT    G=(none)   M=C:\XHB804\LIB\RTL.LIB|gete ACBP=A9
 0001:00026548 00000020 C=CODE    S=_TEXT    G=(none)   M=C:\XHB804\LIB\RTL.LIB|gt ACBP=A9
 0001:00026568 00000E52 C=CODE    S=_TEXT    G=(none)   M=C:\XHB804\LIB\RTL.LIB|gtapi ACBP=A9
 0001:000273BC 000001CD C=CODE    S=_TEXT    G=(none)   M=C:\XHB804\LIB\RTL.LIB|gtclip ACBP=A9
 0001:0002758C 000003F6 C=CODE    S=_TEXT    G=(none)   M=C:\XHB804\LIB\RTL.LIB|gtfunc ACBP=A9
 0001:00027984 00000001 C=CODE    S=_TEXT    G=(none)   M=C:\XHB804\LIB\RTL.LIB|gtsys ACBP=A9
 0001:00027988 000003E8 C=CODE    S=_TEXT    G=(none)   M=C:\XHB804\LIB\RTL.LIB|hbbitf ACBP=A9
 0001:00027D70 00000835 C=CODE    S=_TEXT    G=(none)   M=C:\XHB804\LIB\RTL.LIB|hbffind ACBP=A9
 0001:000285A8 00003BDD C=CODE    S=_TEXT    G=(none)   M=C:\XHB804\LIB\RTL.LIB|hbgtcore ACBP=A9
 0001:0002C188 00000463 C=CODE    S=_TEXT    G=(none)   M=C:\XHB804\LIB\RTL.LIB|hbhex2n ACBP=A9
 0001:0002C5EC 0000029C C=CODE    S=_TEXT    G=(none)   M=C:\XHB804\LIB\RTL.LIB|hbrandom ACBP=A9
 0001:0002C888 00000378 C=CODE    S=_TEXT    G=(none)   M=C:\XHB804\LIB\RTL.LIB|hbtoken ACBP=A9
 0001:0002CC00 0000041F C=CODE    S=_TEXT    G=(none)   M=C:\XHB804\LIB\RTL.LIB|idle ACBP=A9
 0001:0002D020 00000443 C=CODE    S=_TEXT    G=(none)   M=C:\XHB804\LIB\RTL.LIB|inkey ACBP=A9
 0001:0002D464 00000119 C=CODE    S=_TEXT    G=(none)   M=C:\XHB804\LIB\RTL.LIB|inkeyapi ACBP=A9
 0001:0002D580 0000030F C=CODE    S=_TEXT    G=(none)   M=C:\XHB804\LIB\RTL.LIB|is ACBP=A9
 0001:0002D890 00000273 C=CODE    S=_TEXT    G=(none)   M=C:\XHB804\LIB\RTL.LIB|langapi ACBP=A9
 0001:0002DB04 000000B3 C=CODE    S=_TEXT    G=(none)   M=C:\XHB804\LIB\RTL.LIB|left ACBP=A9
 0001:0002DBB8 0000006A C=CODE    S=_TEXT    G=(none)   M=C:\XHB804\LIB\RTL.LIB|len ACBP=A9
 0001:0002DC24 000009BC C=CODE    S=_TEXT    G=(none)   M=C:\XHB804\LIB\RTL.LIB|math ACBP=A9
 0001:0002E5E0 00000157 C=CODE    S=_TEXT    G=(none)   M=C:\XHB804\LIB\RTL.LIB|memofile ACBP=A9
 0001:0002E738 000004FD C=CODE    S=_TEXT    G=(none)   M=C:\XHB804\LIB\RTL.LIB|minmax ACBP=A9
 0001:0002EC38 00000006 C=CODE    S=_TEXT    G=(none)   M=C:\XHB804\LIB\RTL.LIB|pad ACBP=A9
 0001:0002EC40 00000122 C=CODE    S=_TEXT    G=(none)   M=C:\XHB804\LIB\RTL.LIB|padc ACBP=A9
 0001:0002ED64 000000F0 C=CODE    S=_TEXT    G=(none)   M=C:\XHB804\LIB\RTL.LIB|padl ACBP=A9
 0001:0002EE54 000000EB C=CODE    S=_TEXT    G=(none)   M=C:\XHB804\LIB\RTL.LIB|padr ACBP=A9
 0001:0002EF40 00000A48 C=CODE    S=_TEXT    G=(none)   M=C:\XHB804\LIB\RTL.LIB|philes ACBP=A9
 0001:0002F988 0000009F C=CODE    S=_TEXT    G=(none)   M=C:\XHB804\LIB\RTL.LIB|philesx ACBP=A9
 0001:0002FA28 00000098 C=CODE    S=_TEXT    G=(none)   M=C:\XHB804\LIB\RTL.LIB|rat ACBP=A9
 0001:0002FAC0 000010A2 C=CODE    S=_TEXT    G=(none)   M=C:\XHB804\LIB\RTL.LIB|regex ACBP=A9
 0001:00030B64 00000134 C=CODE    S=_TEXT    G=(none)   M=C:\XHB804\LIB\RTL.LIB|replic ACBP=A9
 0001:00030C98 0000005D C=CODE    S=_TEXT    G=(none)   M=C:\XHB804\LIB\RTL.LIB|right ACBP=A9
 0001:00030CF8 00000125 C=CODE    S=_TEXT    G=(none)   M=C:\XHB804\LIB\RTL.LIB|round ACBP=A9
 0001:00030E20 000001F0 C=CODE    S=_TEXT    G=(none)   M=C:\XHB804\LIB\RTL.LIB|samples ACBP=A9
 0001:00031010 000002CC C=CODE    S=_TEXT    G=(none)   M=C:\XHB804\LIB\RTL.LIB|seconds ACBP=A9
 0001:000312DC 000030FA C=CODE    S=_TEXT    G=(none)   M=C:\XHB804\LIB\RTL.LIB|set ACBP=A9
 0001:000343D8 0000011D C=CODE    S=_TEXT    G=(none)   M=C:\XHB804\LIB\RTL.LIB|setcolor ACBP=A9
 0001:000344F8 0000005C C=CODE    S=_TEXT    G=(none)   M=C:\XHB804\LIB\RTL.LIB|setcurs ACBP=A9
 0001:00034554 00000579 C=CODE    S=_TEXT    G=(none)   M=C:\XHB804\LIB\RTL.LIB|setkey ACBP=A9
 0001:00034AD0 0000007D C=CODE    S=_TEXT    G=(none)   M=C:\XHB804\LIB\RTL.LIB|setpos ACBP=A9
 0001:00034B50 0000002A C=CODE    S=_TEXT    G=(none)   M=C:\XHB804\LIB\RTL.LIB|setposbs ACBP=A9
 0001:00034B7C 00000079 C=CODE    S=_TEXT    G=(none)   M=C:\XHB804\LIB\RTL.LIB|space ACBP=A9
 0001:00034BF8 00000204 C=CODE    S=_TEXT    G=(none)   M=C:\XHB804\LIB\RTL.LIB|spfiles ACBP=A9
 0001:00034DFC 000001A4 C=CODE    S=_TEXT    G=(none)   M=C:\XHB804\LIB\RTL.LIB|str ACBP=A9
 0001:00034FA0 000002F6 C=CODE    S=_TEXT    G=(none)   M=C:\XHB804\LIB\RTL.LIB|strcase ACBP=A9
 0001:00035298 0000012B C=CODE    S=_TEXT    G=(none)   M=C:\XHB804\LIB\RTL.LIB|strdel ACBP=A9
 0001:000353C4 00000035 C=CODE    S=_TEXT    G=(none)   M=C:\XHB804\LIB\RTL.LIB|strings ACBP=A9
 0001:000353FC 00000424 C=CODE    S=_TEXT    G=(none)   M=C:\XHB804\LIB\RTL.LIB|strmatch ACBP=A9
 0001:00035820 000002DB C=CODE    S=_TEXT    G=(none)   M=C:\XHB804\LIB\RTL.LIB|strtran ACBP=A9
 0001:00035AFC 00000124 C=CODE    S=_TEXT    G=(none)   M=C:\XHB804\LIB\RTL.LIB|strzero ACBP=A9
 0001:00035C20 00000168 C=CODE    S=_TEXT    G=(none)   M=C:\XHB804\LIB\RTL.LIB|stuff ACBP=A9
 0001:00035D88 00000124 C=CODE    S=_TEXT    G=(none)   M=C:\XHB804\LIB\RTL.LIB|substr ACBP=A9
 0001:00035EAC 00001134 C=CODE    S=_TEXT    G=(none)   M=C:\XHB804\LIB\RTL.LIB|tprinter ACBP=A9
 0001:00036FE0 0000015C C=CODE    S=_TEXT    G=(none)   M=C:\XHB804\LIB\RTL.LIB|trace ACBP=A9
 0001:0003713C 00001A40 C=CODE    S=_TEXT    G=(none)   M=C:\XHB804\LIB\RTL.LIB|transfrm ACBP=A9
 0001:00038B7C 0000021C C=CODE    S=_TEXT    G=(none)   M=C:\XHB804\LIB\RTL.LIB|trim ACBP=A9
 0001:00038D98 00000FB1 C=CODE    S=_TEXT    G=(none)   M=C:\XHB804\LIB\RTL.LIB|txtline ACBP=A9
 0001:00039D4C 00000066 C=CODE    S=_TEXT    G=(none)   M=C:\XHB804\LIB\RTL.LIB|type ACBP=A9
 0001:00039DB4 00000091 C=CODE    S=_TEXT    G=(none)   M=C:\XHB804\LIB\RTL.LIB|val ACBP=A9
 0001:00039E48 000002F8 C=CODE    S=_TEXT    G=(none)   M=C:\XHB804\LIB\RTL.LIB|valtype ACBP=A9
 0001:0003A140 0000037E C=CODE    S=_TEXT    G=(none)   M=C:\XHB804\LIB\RTL.LIB|version ACBP=A9
 0001:0003A4C0 00000042 C=CODE    S=_TEXT    G=(none)   M=C:\XHB804\LIB\RTL.LIB|word ACBP=A9
 0001:0003A504 00000057 C=CODE    S=_TEXT    G=(none)   M=C:\XHB804\LIB\RTL.LIB|xhelp ACBP=A9
 0001:0003A55C 000000E4 C=CODE    S=_TEXT    G=(none)   M=C:\XHB804\LIB\RTL.LIB|xsavescr ACBP=A9
 0001:0003A640 00000074 C=CODE    S=_TEXT    G=(none)   M=C:\XHB804\LIB\RTL.LIB|alert ACBP=A9
 0001:0003A6B4 000000B0 C=CODE    S=_TEXT    G=(none)   M=C:\XHB804\LIB\RTL.LIB|cstr ACBP=A9
 0001:0003A764 0000004C C=CODE    S=_TEXT    G=(none)   M=C:\XHB804\LIB\RTL.LIB|memvarbl ACBP=A9
 0001:0003A7B0 000001DC C=CODE    S=_TEXT    G=(none)   M=C:\XHB804\LIB\RTL.LIB|objfunc ACBP=A9
 0001:0003A98C 000001F0 C=CODE    S=_TEXT    G=(none)   M=C:\XHB804\LIB\RTL.LIB|tclass ACBP=A9
 0001:0003AB7C 00000060 C=CODE    S=_TEXT    G=(none)   M=C:\XHB804\LIB\RTL.LIB|terror ACBP=A9
 0001:0003ABDC 000003D4 C=CODE    S=_TEXT    G=(none)   M=C:\XHB804\LIB\RTL.LIB|tget ACBP=A9
 0001:0003AFB0 00000074 C=CODE    S=_TEXT    G=(none)   M=C:\XHB804\LIB\RTL.LIB|tgetint ACBP=A9
 0001:0003B024 0000019E C=CODE    S=_TEXT    G=(none)   M=C:\XHB804\LIB\RTL.LIB|tobject ACBP=A9
 0001:0003B1C4 00000060 C=CODE    S=_TEXT    G=(none)   M=C:\XHB804\LIB\RTL.LIB|traceprg ACBP=A9
 0001:0003B224 00001A2F C=CODE    S=_TEXT    G=(none)   M=C:\XHB804\LIB\VM.LIB|arrays ACBP=A9
 0001:0003CC54 00003681 C=CODE    S=_TEXT    G=(none)   M=C:\XHB804\LIB\VM.LIB|arrayshb ACBP=A9
 0001:000402D8 00000485 C=CODE    S=_TEXT    G=(none)   M=C:\XHB804\LIB\VM.LIB|asort ACBP=A9
 0001:00040760 00000014 C=CODE    S=_TEXT    G=(none)   M=C:\XHB804\LIB\VM.LIB|break ACBP=A9
 0001:00040774 00005449 C=CODE    S=_TEXT    G=(none)   M=C:\XHB804\LIB\VM.LIB|classes ACBP=A9
 0001:00045BC0 00000121 C=CODE    S=_TEXT    G=(none)   M=C:\XHB804\LIB\VM.LIB|classesc ACBP=A9
 0001:00045CE4 000005CA C=CODE    S=_TEXT    G=(none)   M=C:\XHB804\LIB\VM.LIB|cmdarg ACBP=A9
 0001:000462B0 000002EA C=CODE    S=_TEXT    G=(none)   M=C:\XHB804\LIB\VM.LIB|codebloc ACBP=A9
 0001:0004659C 000003FE C=CODE    S=_TEXT    G=(none)   M=C:\XHB804\LIB\VM.LIB|debug ACBP=A9
 0001:0004699C 000007B1 C=CODE    S=_TEXT    G=(none)   M=C:\XHB804\LIB\VM.LIB|dynsym ACBP=A9
 0001:00047150 000017A7 C=CODE    S=_TEXT    G=(none)   M=C:\XHB804\LIB\VM.LIB|errorapi ACBP=A9
 0001:000488F8 00000A33 C=CODE    S=_TEXT    G=(none)   M=C:\XHB804\LIB\VM.LIB|estack ACBP=A9
 0001:0004932C 00000A8E C=CODE    S=_TEXT    G=(none)   M=C:\XHB804\LIB\VM.LIB|eval ACBP=A9
 0001:00049DBC 00001AC0 C=CODE    S=_TEXT    G=(none)   M=C:\XHB804\LIB\VM.LIB|extend ACBP=A9
 0001:0004B87C 00000495 C=CODE    S=_TEXT    G=(none)   M=C:\XHB804\LIB\VM.LIB|fm ACBP=A9
 0001:0004BD14 00000718 C=CODE    S=_TEXT    G=(none)   M=C:\XHB804\LIB\VM.LIB|garbage ACBP=A9
 0001:0004C42C 000033E7 C=CODE    S=_TEXT    G=(none)   M=C:\XHB804\LIB\VM.LIB|hash ACBP=A9
 0001:0004F814 00001180 C=CODE    S=_TEXT    G=(none)   M=C:\XHB804\LIB\VM.LIB|hbi18n ACBP=A9
 0001:00050994 000125B2 C=CODE    S=_TEXT    G=(none)   M=C:\XHB804\LIB\VM.LIB|hvm ACBP=A9
 0001:00062F48 00000006 C=CODE    S=_TEXT    G=(none)   M=C:\XHB804\LIB\VM.LIB|initexit ACBP=A9
 0001:00062F50 00000019 C=CODE    S=_TEXT    G=(none)   M=C:\XHB804\LIB\VM.LIB|initsymb ACBP=A9
 0001:00062F6C 00001E52 C=CODE    S=_TEXT    G=(none)   M=C:\XHB804\LIB\VM.LIB|itemapi ACBP=A9
 0001:00064DC0 0000094C C=CODE    S=_TEXT    G=(none)   M=C:\XHB804\LIB\VM.LIB|fastitem ACBP=A9
 0001:0006570C 00001DDB C=CODE    S=_TEXT    G=(none)   M=C:\XHB804\LIB\VM.LIB|macro ACBP=A9
 0001:000674E8 00000128 C=CODE    S=_TEXT    G=(none)   M=C:\XHB804\LIB\VM.LIB|mainwin ACBP=A9
 0001:00067610 00001DF8 C=CODE    S=_TEXT    G=(none)   M=C:\XHB804\LIB\VM.LIB|memvars ACBP=A9
 0001:00069408 00000025 C=CODE    S=_TEXT    G=(none)   M=C:\XHB804\LIB\VM.LIB|pcount ACBP=A9
 0001:00069430 000003A6 C=CODE    S=_TEXT    G=(none)   M=C:\XHB804\LIB\VM.LIB|proc ACBP=A9
 0001:000697D8 00000072 C=CODE    S=_TEXT    G=(none)   M=C:\XHB804\LIB\VM.LIB|throw ACBP=A9
 0001:0006984C 000000F8 C=CODE    S=_TEXT    G=(none)   M=C:\XHB804\LIB\VM.LIB|harbinit ACBP=A9
 0001:00069944 00000010 C=CODE    S=_TEXT    G=(none)   M=C:\XHB804\LIB\LANG.LIB|msgen ACBP=A9
 0001:00069954 000042BD C=CODE    S=_TEXT    G=(none)   M=C:\XHB804\LIB\MACRO.LIB|macroy ACBP=A9
 0001:0006DC14 00000355 C=CODE    S=_TEXT    G=(none)   M=C:\XHB804\LIB\MACRO.LIB|macroa ACBP=A9
 0001:0006DF6C 00005BF5 C=CODE    S=_TEXT    G=(none)   M=C:\XHB804\LIB\MACRO.LIB|macrob ACBP=A9
 0001:00073B64 000007EC C=CODE    S=_TEXT    G=(none)   M=C:\XHB804\LIB\MACRO.LIB|macroc ACBP=A9
 0001:00074350 000021A6 C=CODE    S=_TEXT    G=(none)   M=C:\XHB804\LIB\MACRO.LIB|macroslx ACBP=A9
 0001:000764F8 000041E1 C=CODE    S=_TEXT    G=(none)   M=C:\XHB804\LIB\RDD.LIB|dbcmd ACBP=A9
 0001:0007A6DC 000023D6 C=CODE    S=_TEXT    G=(none)   M=C:\XHB804\LIB\RDD.LIB|workarea ACBP=A9
 0001:0007CAB4 000007C1 C=CODE    S=_TEXT    G=(none)   M=C:\XHB804\LIB\RDD.LIB|wacore ACBP=A9
 0001:0007D278 000012D6 C=CODE    S=_TEXT    G=(none)   M=C:\XHB804\LIB\RDD.LIB|wafunc ACBP=A9
 0001:0007E550 00007E3C C=CODE    S=_TEXT    G=(none)   M=C:\XHB804\LIB\RDD.LIB|dbf1 ACBP=A9
 0001:0008638C 00000695 C=CODE    S=_TEXT    G=(none)   M=C:\XHB804\LIB\RDD.LIB|hbdbsort ACBP=A9
 0001:00086A24 000000D8 C=CODE    S=_TEXT    G=(none)   M=C:\XHB804\LIB\RDD.LIB|rddord ACBP=A9
 0001:00086AFC 0000004C C=CODE    S=_TEXT    G=(none)   M=C:\XHB804\LIB\RDD.LIB|rddsys ACBP=A9
 0001:00086B48 0000AA1C C=CODE    S=_TEXT    G=(none)   M=C:\XHB804\LIB\DBFNTX.LIB|dbfntx1 ACBP=A9
 0001:00091564 000072E0 C=CODE    S=_TEXT    G=(none)   M=C:\XHB804\LIB\DBFFPT.LIB|dbffpt1 ACBP=A9
 0001:00098844 000003A6 C=CODE    S=_TEXT    G=(none)   M=C:\XHB804\LIB\HBSIX.LIB|sxcrypt ACBP=A9
 0001:00098BEC 000000E8 C=CODE    S=_TEXT    G=(none)   M=C:\XHB804\LIB\HBSIX.LIB|sxdate ACBP=A9
 0001:00098CD4 0000003B C=CODE    S=_TEXT    G=(none)   M=C:\XHB804\LIB\COMMON.LIB|hbfopen ACBP=A9
 0001:00098D10 000002AF C=CODE    S=_TEXT    G=(none)   M=C:\XHB804\LIB\COMMON.LIB|hbfsapi ACBP=A9
 0001:00098FC0 00000033 C=CODE    S=_TEXT    G=(none)   M=C:\XHB804\LIB\COMMON.LIB|hbgete ACBP=A9
 0001:00098FF4 00000E97 C=CODE    S=_TEXT    G=(none)   M=C:\XHB804\LIB\COMMON.LIB|hbstr ACBP=A9
 0001:00099E8C 00000225 C=CODE    S=_TEXT    G=(none)   M=C:\XHB804\LIB\COMMON.LIB|hbtrace ACBP=A9
 0001:0009A0B4 00000DDE C=CODE    S=_TEXT    G=(none)   M=C:\XHB804\LIB\COMMON.LIB|hbver ACBP=A9
 0001:0009AE94 00000A9A C=CODE    S=_TEXT    G=(none)   M=C:\XHB804\LIB\COMMON.LIB|expropt1 ACBP=A9
 0001:0009B930 000011E4 C=CODE    S=_TEXT    G=(none)   M=C:\XHB804\LIB\COMMON.LIB|expropt2 ACBP=A9
 0001:0009CB14 00000060 C=CODE    S=_TEXT    G=(none)   M=C:\XHB804\LIB\COMMON.LIB|reserved ACBP=A9
 0001:0009CB74 000015D3 C=CODE    S=_TEXT    G=(none)   M=C:\XHB804\LIB\COMMON.LIB|hbdate ACBP=A9
 0001:0009E148 00005282 C=CODE    S=_TEXT    G=(none)   M=C:\XHB804\LIB\PCREPOS.LIB|pcre_compile ACBP=A9
 0001:000A33CC 000037A5 C=CODE    S=_TEXT    G=(none)   M=C:\XHB804\LIB\PCREPOS.LIB|pcre_exec ACBP=A9
 0001:000A6B74 0000007B C=CODE    S=_TEXT    G=(none)   M=C:\XHB804\LIB\PCREPOS.LIB|pcre_info ACBP=A9
 0001:000A6BF0 000001A7 C=CODE    S=_TEXT    G=(none)   M=C:\XHB804\LIB\PCREPOS.LIB|pcre_newline ACBP=A9
 0001:000A6D98 0000018E C=CODE    S=_TEXT    G=(none)   M=C:\XHB804\LIB\PCREPOS.LIB|pcre_try_flipped ACBP=A9
 0001:000A6F28 000003A5 C=CODE    S=_TEXT    G=(none)   M=C:\XHB804\LIB\PCREPOS.LIB|pcreposix ACBP=A9
 0001:000A72D0 0000002B C=CODE    S=_TEXT    G=(none)   M=C:\BCC56\LIB\CW32.LIB|calloc ACBP=A9
 0001:000A72FC 0000000F C=CODE    S=_TEXT    G=(none)   M=C:\BCC56\LIB\CW32.LIB|del ACBP=A9
 0001:000A730C 0000000F C=CODE    S=_TEXT    G=(none)   M=C:\BCC56\LIB\CW32.LIB|delarray ACBP=A9
 0001:000A731C 0000015E C=CODE    S=_TEXT    G=(none)   M=C:\BCC56\LIB\CW32.LIB|new ACBP=A9
 0001:000A747C 0000000F C=CODE    S=_TEXT    G=(none)   M=C:\BCC56\LIB\CW32.LIB|newarray ACBP=A9
 0001:000A748C 000000DB C=CODE    S=_TEXT    G=(none)   M=C:\BCC56\LIB\CW32.LIB|setnew ACBP=A9
 0001:000A7560 00000111 C=CODE    S=_TEXT    G=(none)   M=C:\BCC56\LIB\CW32.LIB|virtmem ACBP=A9
 0001:000A7674 0000009F C=CODE    S=_TEXT    G=(none)   M=C:\BCC56\LIB\CW32.LIB|hrdir_b ACBP=A9
 0001:000A7714 00000020 C=CODE    S=_TEXT    G=(none)   M=C:\BCC56\LIB\CW32.LIB|hrdir_mf ACBP=A9
 0001:000A7734 00000016 C=CODE    S=_TEXT    G=(none)   M=C:\BCC56\LIB\CW32.LIB|hrdir_r ACBP=A9
 0001:000A774C 000000B8 C=CODE    S=_TEXT    G=(none)   M=C:\BCC56\LIB\CW32.LIB|hrdir_s ACBP=A9
 0001:000A7804 00000001 C=CODE    S=_TEXT    G=(none)   M=C:\BCC56\LIB\CW32.LIB|hrdir_us ACBP=A9
 0001:000A7808 000009CC C=CODE    S=_TEXT    G=(none)   M=C:\BCC56\LIB\CW32.LIB|heap ACBP=A9
 0001:000A81D4 00000292 C=CODE    S=_TEXT    G=(none)   M=C:\BCC56\LIB\CW32.LIB|realloc ACBP=A9
 0001:000A8468 00000001 C=CODE    S=_TEXT    G=(none)   M=C:\BCC56\LIB\CW32.LIB|crtlst_i ACBP=A9
 0001:000A846C 00000001 C=CODE    S=_TEXT    G=(none)   M=C:\BCC56\LIB\CW32.LIB|crtlst_l ACBP=A9
 0001:000A8470 00000214 C=CODE    S=_TEXT    G=(none)   M=C:\BCC56\LIB\CW32.LIB|predecl ACBP=A9
 0001:000A867A 0000010D C=CODE    S=_TEXT    G=(none)   M=C:\BCC56\LIB\CW32.LIB|stdexcpt ACBP=A9
 0001:000A86F8 0000001E C=CODE    S=_TEXT    G=(none)   M=C:\BCC56\LIB\CW32.LIB|memchr ACBP=A9
 0001:000A8718 00000024 C=CODE    S=_TEXT    G=(none)   M=C:\BCC56\LIB\CW32.LIB|memcpy ACBP=A9
 0001:000A873C 0000004A C=CODE    S=_TEXT    G=(none)   M=C:\BCC56\LIB\CW32.LIB|memmove ACBP=A9
 0001:000A8788 0000008A C=CODE    S=_TEXT    G=(none)   M=C:\BCC56\LIB\CW32.LIB|memset ACBP=A9
 0001:000A8814 00000018 C=CODE    S=_TEXT    G=(none)   M=C:\BCC56\LIB\CW32.LIB|wmemset ACBP=A9
 0001:000A882C 0000003C C=CODE    S=_TEXT    G=(none)   M=C:\BCC56\LIB\CW32.LIB|strcat ACBP=A9
 0001:000A8868 00000053 C=CODE    S=_TEXT    G=(none)   M=C:\BCC56\LIB\CW32.LIB|strchr ACBP=A9
 0001:000A88BC 0000002F C=CODE    S=_TEXT    G=(none)   M=C:\BCC56\LIB\CW32.LIB|strcpy ACBP=A9
 0001:000A88EC 0000005A C=CODE    S=_TEXT    G=(none)   M=C:\BCC56\LIB\CW32.LIB|strlen ACBP=A9
 0001:000A8948 0000006E C=CODE    S=_TEXT    G=(none)   M=C:\BCC56\LIB\CW32.LIB|strncat ACBP=A9
 0001:000A89B8 00000027 C=CODE    S=_TEXT    G=(none)   M=C:\BCC56\LIB\CW32.LIB|strncmp ACBP=A9
 0001:000A89E0 0000006C C=CODE    S=_TEXT    G=(none)   M=C:\BCC56\LIB\CW32.LIB|memcmp ACBP=A9
 0001:000A8A4C 00000032 C=CODE    S=_TEXT    G=(none)   M=C:\BCC56\LIB\CW32.LIB|strdup ACBP=A9
 0001:000A8A80 0000004F C=CODE    S=_TEXT    G=(none)   M=C:\BCC56\LIB\CW32.LIB|strncpy ACBP=A9
 0001:000A8AD0 0000002B C=CODE    S=_TEXT    G=(none)   M=C:\BCC56\LIB\CW32.LIB|strpbrk ACBP=A9
 0001:000A8AFC 00000029 C=CODE    S=_TEXT    G=(none)   M=C:\BCC56\LIB\CW32.LIB|strrchr ACBP=A9
 0001:000A8B28 00000054 C=CODE    S=_TEXT    G=(none)   M=C:\BCC56\LIB\CW32.LIB|strstr ACBP=A9
 0001:000A8B7C 00000037 C=CODE    S=_TEXT    G=(none)   M=C:\BCC56\LIB\CW32.LIB|_stpcpy ACBP=A9
 0001:000A8BB4 00000018 C=CODE    S=_TEXT    G=(none)   M=C:\BCC56\LIB\CW32.LIB|wcslen ACBP=A9
 0001:000A8BCC 0000003F C=CODE    S=_TEXT    G=(none)   M=C:\BCC56\LIB\CW32.LIB|wcscpy ACBP=A9
 0001:000A8C0C 00000070 C=CODE    S=_TEXT    G=(none)   M=C:\BCC56\LIB\CW32.LIB|xxa ACBP=A9
 0001:000A8C7C 00000AB6 C=CODE    S=_TEXT    G=(none)   M=C:\BCC56\LIB\CW32.LIB|xxtype ACBP=A9
 0001:000A9732 000000B6 C=CODE    S=_TEXT    G=(none)   M=C:\BCC56\LIB\CW32.LIB|xxut ACBP=A9
 0001:000A97D4 0000014B C=CODE    S=_TEXT    G=(none)   M=C:\BCC56\LIB\CW32.LIB|xxv ACBP=A9
 0001:000A9920 0000000A C=CODE    S=_TEXT    G=(none)   M=C:\BCC56\LIB\CW32.LIB|defhandl ACBP=A9
 0001:000A992C 00000179 C=CODE    S=_TEXT    G=(none)   M=C:\BCC56\LIB\CW32.LIB|except ACBP=A9
 0001:000A9AA8 00000046 C=CODE    S=_TEXT    G=(none)   M=C:\BCC56\LIB\CW32.LIB|setexc ACBP=A9
 0001:000A9AF0 00000022 C=CODE    S=_TEXT    G=(none)   M=C:\BCC56\LIB\CW32.LIB|ta ACBP=A9
 0001:000A9B14 0000003C C=CODE    S=_TEXT    G=(none)   M=C:\BCC56\LIB\CW32.LIB|__access ACBP=A9
 0001:000A9B50 00000060 C=CODE    S=_TEXT    G=(none)   M=C:\BCC56\LIB\CW32.LIB|__close ACBP=A9
 0001:000A9BB0 00000013 C=CODE    S=_TEXT    G=(none)   M=C:\BCC56\LIB\CW32.LIB|__dup ACBP=A9
 0001:000A9BC4 000000EF C=CODE    S=_TEXT    G=(none)   M=C:\BCC56\LIB\CW32.LIB|__dup2 ACBP=A9
 0001:000A9CB4 00000086 C=CODE    S=_TEXT    G=(none)   M=C:\BCC56\LIB\CW32.LIB|__eof ACBP=A9
 0001:000A9D3C 00000047 C=CODE    S=_TEXT    G=(none)   M=C:\BCC56\LIB\CW32.LIB|__isatty ACBP=A9
 0001:000A9D84 00000076 C=CODE    S=_TEXT    G=(none)   M=C:\BCC56\LIB\CW32.LIB|__lseek ACBP=A9
 0001:000A9DFC 000001FA C=CODE    S=_TEXT    G=(none)   M=C:\BCC56\LIB\CW32.LIB|__open ACBP=A9
 0001:000A9FF8 0000019A C=CODE    S=_TEXT    G=(none)   M=C:\BCC56\LIB\CW32.LIB|__read ACBP=A9
 0001:000AA194 0000011C C=CODE    S=_TEXT    G=(none)   M=C:\BCC56\LIB\CW32.LIB|__write ACBP=A9
 0001:000AA2B0 00000011 C=CODE    S=_TEXT    G=(none)   M=C:\BCC56\LIB\CW32.LIB|_cfinfo ACBP=A9
 0001:000AA2C4 00000038 C=CODE    S=_TEXT    G=(none)   M=C:\BCC56\LIB\CW32.LIB|_flshall ACBP=A9
 0001:000AA2FC 00000061 C=CODE    S=_TEXT    G=(none)   M=C:\BCC56\LIB\CW32.LIB|_read ACBP=A9
 0001:000AA360 00000008 C=CODE    S=_TEXT    G=(none)   M=C:\BCC56\LIB\CW32.LIB|_stat ACBP=A9
 0001:000AA368 00000017 C=CODE    S=_TEXT    G=(none)   M=C:\BCC56\LIB\CW32.LIB|_umask ACBP=A9
 0001:000AA368 00000061 C=CODE    S=_TEXT    G=(none)   M=C:\BCC56\LIB\CW32.LIB|_write ACBP=A9
 0001:000AA3CC 00000008 C=CODE    S=_TEXT    G=(none)   M=C:\BCC56\LIB\CW32.LIB|access ACBP=A9
 0001:000AA3D4 0000007D C=CODE    S=_TEXT    G=(none)   M=C:\BCC56\LIB\CW32.LIB|allocbuf ACBP=A9
 0001:000AA454 0000009C C=CODE    S=_TEXT    G=(none)   M=C:\BCC56\LIB\CW32.LIB|chdrive ACBP=A9
 0001:000AA4F0 00000008 C=CODE    S=_TEXT    G=(none)   M=C:\BCC56\LIB\CW32.LIB|close ACBP=A9
 0001:000AA4F8 00000008 C=CODE    S=_TEXT    G=(none)   M=C:\BCC56\LIB\CW32.LIB|dup ACBP=A9
 0001:000AA500 00000008 C=CODE    S=_TEXT    G=(none)   M=C:\BCC56\LIB\CW32.LIB|eof ACBP=A9
 0001:000AA508 0000008E C=CODE    S=_TEXT    G=(none)   M=C:\BCC56\LIB\CW32.LIB|fclose ACBP=A9
 0001:000AA598 0000007F C=CODE    S=_TEXT    G=(none)   M=C:\BCC56\LIB\CW32.LIB|fflush ACBP=A9
 0001:000AA618 0000005A C=CODE    S=_TEXT    G=(none)   M=C:\BCC56\LIB\CW32.LIB|flushout ACBP=A9
 0001:000AA674 00000023 C=CODE    S=_TEXT    G=(none)   M=C:\BCC56\LIB\CW32.LIB|fmodeptr ACBP=A9
 0001:000AA698 000001DD C=CODE    S=_TEXT    G=(none)   M=C:\BCC56\LIB\CW32.LIB|fopen ACBP=A9
 0001:000AA878 00000022 C=CODE    S=_TEXT    G=(none)   M=C:\BCC56\LIB\CW32.LIB|fprintf ACBP=A9
 0001:000AA89C 000000D9 C=CODE    S=_TEXT    G=(none)   M=C:\BCC56\LIB\CW32.LIB|fputn ACBP=A9
 0001:000AA978 0000013E C=CODE    S=_TEXT    G=(none)   M=C:\BCC56\LIB\CW32.LIB|fseek ACBP=A9
 0001:000AAAB8 000000D4 C=CODE    S=_TEXT    G=(none)   M=C:\BCC56\LIB\CW32.LIB|fullpath ACBP=A9
 0001:000AAB8C 000002B9 C=CODE    S=_TEXT    G=(none)   M=C:\BCC56\LIB\CW32.LIB|handles ACBP=A9
 0001:000AAE48 00000076 C=CODE    S=_TEXT    G=(none)   M=C:\BCC56\LIB\CW32.LIB|ioerror ACBP=A9
 0001:000AAEC0 00000008 C=CODE    S=_TEXT    G=(none)   M=C:\BCC56\LIB\CW32.LIB|isatty ACBP=A9
 0001:000AAEC8 0000019E C=CODE    S=_TEXT    G=(none)   M=C:\BCC56\LIB\CW32.LIB|lgetc ACBP=A9
 0001:000AB068 00000110 C=CODE    S=_TEXT    G=(none)   M=C:\BCC56\LIB\CW32.LIB|lputc ACBP=A9
 0001:000AB178 00000091 C=CODE    S=_TEXT    G=(none)   M=C:\BCC56\LIB\CW32.LIB|mkname ACBP=A9
 0001:000AB209 00000079 C=CODE    S=_TEXT    G=(none)   M=C:\BCC56\LIB\CW32.LIB|perror ACBP=A9
 0001:000AB20C 00000023 C=CODE    S=_TEXT    G=(none)   M=C:\BCC56\LIB\CW32.LIB|printf ACBP=A9
 0001:000AB230 0000006B C=CODE    S=_TEXT    G=(none)   M=C:\BCC56\LIB\CW32.LIB|setmode ACBP=A9
 0001:000AB29C 0000004D C=CODE    S=_TEXT    G=(none)   M=C:\BCC56\LIB\CW32.LIB|setvbuf ACBP=A9
 0001:000AB2EC 00000100 C=CODE    S=_TEXT    G=(none)   M=C:\BCC56\LIB\CW32.LIB|snprntf ACBP=A9
 0001:000AB3EC 00000078 C=CODE    S=_TEXT    G=(none)   M=C:\BCC56\LIB\CW32.LIB|sprintf ACBP=A9
 0001:000AB464 00000205 C=CODE    S=_TEXT    G=(none)   M=C:\BCC56\LIB\CW32.LIB|stat ACBP=A9
 0001:000AB66C 00000101 C=CODE    S=_TEXT    G=(none)   M=C:\BCC56\LIB\CW32.LIB|streams ACBP=A9
 0001:000AB770 0000001A C=CODE    S=_TEXT    G=(none)   M=C:\BCC56\LIB\CW32.LIB|unlink ACBP=A9
 0001:000AB78C 00000022 C=CODE    S=_TEXT    G=(none)   M=C:\BCC56\LIB\CW32.LIB|vfprintf ACBP=A9
 0001:000AB7B0 000009FE C=CODE    S=_TEXT    G=(none)   M=C:\BCC56\LIB\CW32.LIB|vprinter ACBP=A9
 0001:000AC1B0 0000002E C=CODE    S=_TEXT    G=(none)   M=C:\BCC56\LIB\CW32.LIB|xfclose ACBP=A9
 0001:000AC1E0 00000027 C=CODE    S=_TEXT    G=(none)   M=C:\BCC56\LIB\CW32.LIB|xfflush ACBP=A9
 0001:000AC208 00000051 C=CODE    S=_TEXT    G=(none)   M=C:\BCC56\LIB\CW32.LIB|getinfo ACBP=A9
 0001:000AC25C 00000102 C=CODE    S=_TEXT    G=(none)   M=C:\BCC56\LIB\CW32.LIB|is ACBP=A9
 0001:000AC360 00000103 C=CODE    S=_TEXT    G=(none)   M=C:\BCC56\LIB\CW32.LIB|wis ACBP=A9
 0001:000AC464 00000043 C=CODE    S=_TEXT    G=(none)   M=C:\BCC56\LIB\CW32.LIB|isctype ACBP=A9
 0001:000AC4A8 00000055 C=CODE    S=_TEXT    G=(none)   M=C:\BCC56\LIB\CW32.LIB|iswctype ACBP=A9
 0001:000AC500 00000054 C=CODE    S=_TEXT    G=(none)   M=C:\BCC56\LIB\CW32.LIB|ltolower ACBP=A9
 0001:000AC554 00000054 C=CODE    S=_TEXT    G=(none)   M=C:\BCC56\LIB\CW32.LIB|ltoupper ACBP=A9
 0001:000AC5A8 000004D0 C=CODE    S=_TEXT    G=(none)   M=C:\BCC56\LIB\CW32.LIB|mbyte1 ACBP=A9
 0001:000ACA78 00000200 C=CODE    S=_TEXT    G=(none)   M=C:\BCC56\LIB\CW32.LIB|_ll ACBP=A9
 0001:000ACC78 0000001D C=CODE    S=_TEXT    G=(none)   M=C:\BCC56\LIB\CW32.LIB|_finite ACBP=A9
 0001:000ACC98 0000002B C=CODE    S=_TEXT    G=(none)   M=C:\BCC56\LIB\CW32.LIB|_ftoul ACBP=A9
 0001:000ACCC4 00000045 C=CODE    S=_TEXT    G=(none)   M=C:\BCC56\LIB\CW32.LIB|_isnan ACBP=A9
 0001:000ACD0C 000000B0 C=CODE    S=_TEXT    G=(none)   M=C:\BCC56\LIB\CW32.LIB|_matherr ACBP=A9
 0001:000ACDBC 00000188 C=CODE    S=_TEXT    G=(none)   M=C:\BCC56\LIB\CW32.LIB|_pow10 ACBP=A9
 0001:000ACF44 00000077 C=CODE    S=_TEXT    G=(none)   M=C:\BCC56\LIB\CW32.LIB|atol ACBP=A9
 0001:000ACFBC 0000001C C=CODE    S=_TEXT    G=(none)   M=C:\BCC56\LIB\CW32.LIB|ceil ACBP=A9
 0001:000ACFD8 00000013 C=CODE    S=_TEXT    G=(none)   M=C:\BCC56\LIB\CW32.LIB|clear87 ACBP=A9
 0001:000ACFEC 0000002F C=CODE    S=_TEXT    G=(none)   M=C:\BCC56\LIB\CW32.LIB|ctrl87 ACBP=A9
 0001:000AD01C 00000018 C=CODE    S=_TEXT    G=(none)   M=C:\BCC56\LIB\CW32.LIB|cvtentry ACBP=A9
 0001:000AD034 00000018 C=CODE    S=_TEXT    G=(none)   M=C:\BCC56\LIB\CW32.LIB|cvtfak ACBP=A9
 0001:000AD04C 00000018 C=CODE    S=_TEXT    G=(none)   M=C:\BCC56\LIB\CW32.LIB|cvtfakw ACBP=A9
 0001:000AD064 00000016 C=CODE    S=_TEXT    G=(none)   M=C:\BCC56\LIB\CW32.LIB|div ACBP=A9
 0001:000AD07C 0000006C C=CODE    S=_TEXT    G=(none)   M=C:\BCC56\LIB\CW32.LIB|exp ACBP=A9
 0001:000AD0E8 000000CD C=CODE    S=_TEXT    G=(none)   M=C:\BCC56\LIB\CW32.LIB|f87exp ACBP=A9
 0001:000AD1B8 00000048 C=CODE    S=_TEXT    G=(none)   M=C:\BCC56\LIB\CW32.LIB|f87log ACBP=A9
 0001:000AD200 0000000D C=CODE    S=_TEXT    G=(none)   M=C:\BCC56\LIB\CW32.LIB|fabs ACBP=A9
 0001:000AD210 0000004D C=CODE    S=_TEXT    G=(none)   M=C:\BCC56\LIB\CW32.LIB|fmod ACBP=A9
 0001:000AD260 00000016 C=CODE    S=_TEXT    G=(none)   M=C:\BCC56\LIB\CW32.LIB|fpreset ACBP=A9
 0001:000AD278 0000002B C=CODE    S=_TEXT    G=(none)   M=C:\BCC56\LIB\CW32.LIB|ftol ACBP=A9
 0001:000AD2A4 0000002D C=CODE    S=_TEXT    G=(none)   M=C:\BCC56\LIB\CW32.LIB|fuildq ACBP=A9
 0001:000AD2D4 00000021 C=CODE    S=_TEXT    G=(none)   M=C:\BCC56\LIB\CW32.LIB|fuistq ACBP=A9
 0001:000AD2F8 00000011 C=CODE    S=_TEXT    G=(none)   M=C:\BCC56\LIB\CW32.LIB|fxam ACBP=A9
 0001:000AD30C 000000B1 C=CODE    S=_TEXT    G=(none)   M=C:\BCC56\LIB\CW32.LIB|int64toa ACBP=A9
 0001:000AD3C0 00000117 C=CODE    S=_TEXT    G=(none)   M=C:\BCC56\LIB\CW32.LIB|ldtrunc ACBP=A9
 0001:000AD4D8 0000006D C=CODE    S=_TEXT    G=(none)   M=C:\BCC56\LIB\CW32.LIB|log ACBP=A9
 0001:000AD548 0000008F C=CODE    S=_TEXT    G=(none)   M=C:\BCC56\LIB\CW32.LIB|longtoa ACBP=A9
 0001:000AD5D8 00000075 C=CODE    S=_TEXT    G=(none)   M=C:\BCC56\LIB\CW32.LIB|ltoa1 ACBP=A9
 0001:000AD650 0000002E C=CODE    S=_TEXT    G=(none)   M=C:\BCC56\LIB\CW32.LIB|matherrl ACBP=A9
 0001:000AD680 00000016 C=CODE    S=_TEXT    G=(none)   M=C:\BCC56\LIB\CW32.LIB|mathptr ACBP=A9
 0001:000AD698 00000030 C=CODE    S=_TEXT    G=(none)   M=C:\BCC56\LIB\CW32.LIB|modf ACBP=A9
 0001:000AD6C8 000001DC C=CODE    S=_TEXT    G=(none)   M=C:\BCC56\LIB\CW32.LIB|pow ACBP=A9
 0001:000AD8A4 00000025 C=CODE    S=_TEXT    G=(none)   M=C:\BCC56\LIB\CW32.LIB|qdiv10 ACBP=A9
 0001:000AD8CC 0000002E C=CODE    S=_TEXT    G=(none)   M=C:\BCC56\LIB\CW32.LIB|qmul10 ACBP=A9
 0001:000AD8FC 0000008E C=CODE    S=_TEXT    G=(none)   M=C:\BCC56\LIB\CW32.LIB|rand ACBP=A9
 0001:000AD98C 000002F9 C=CODE    S=_TEXT    G=(none)   M=C:\BCC56\LIB\CW32.LIB|realcvt ACBP=A9
 0001:000ADC88 00000331 C=CODE    S=_TEXT    G=(none)   M=C:\BCC56\LIB\CW32.LIB|realcvtw ACBP=A9
 0001:000ADFBC 0000002C C=CODE    S=_TEXT    G=(none)   M=C:\BCC56\LIB\CW32.LIB|round ACBP=A9
 0001:000ADFE8 000004E1 C=CODE    S=_TEXT    G=(none)   M=C:\BCC56\LIB\CW32.LIB|scantod ACBP=A9
 0001:000AE4CC 000004DD C=CODE    S=_TEXT    G=(none)   M=C:\BCC56\LIB\CW32.LIB|scanwtod ACBP=A9
 0001:000AE9AC 0000003A C=CODE    S=_TEXT    G=(none)   M=C:\BCC56\LIB\CW32.LIB|sqrt ACBP=A9
 0001:000AE9E8 000002D2 C=CODE    S=_TEXT    G=(none)   M=C:\BCC56\LIB\CW32.LIB|xcvt ACBP=A9
 0001:000AECBC 000002F1 C=CODE    S=_TEXT    G=(none)   M=C:\BCC56\LIB\CW32.LIB|xcvtw ACBP=A9
 0001:000AEFB0 00000139 C=CODE    S=_TEXT    G=(none)   M=C:\BCC56\LIB\CW32.LIB|mbctype ACBP=A9
 0001:000AF0EC 0000003D C=CODE    S=_TEXT    G=(none)   M=C:\BCC56\LIB\CW32.LIB|mbisalp ACBP=A9
 0001:000AF12C 0000001A C=CODE    S=_TEXT    G=(none)   M=C:\BCC56\LIB\CW32.LIB|mbisdgt ACBP=A9
 0001:000AF148 0000001A C=CODE    S=_TEXT    G=(none)   M=C:\BCC56\LIB\CW32.LIB|mbisspc ACBP=A9
 0001:000AF164 0000009B C=CODE    S=_TEXT    G=(none)   M=C:\BCC56\LIB\CW32.LIB|mbsicmp ACBP=A9
 0001:000AF200 00000054 C=CODE    S=_TEXT    G=(none)   M=C:\BCC56\LIB\CW32.LIB|mbsnbcpy ACBP=A9
 0001:000AF254 000000BF C=CODE    S=_TEXT    G=(none)   M=C:\BCC56\LIB\CW32.LIB|mbsnbicm ACBP=A9
 0001:000AF314 0000006C C=CODE    S=_TEXT    G=(none)   M=C:\BCC56\LIB\CW32.LIB|mbspbrk ACBP=A9
 0001:000AF380 00000056 C=CODE    S=_TEXT    G=(none)   M=C:\BCC56\LIB\CW32.LIB|mbsrchr ACBP=A9
 0001:000AF3D8 0000001D C=CODE    S=_TEXT    G=(none)   M=C:\BCC56\LIB\CW32.LIB|mbtoupr ACBP=A9
 0001:000AF3F8 000000A6 C=CODE    S=_TEXT    G=(none)   M=C:\BCC56\LIB\CW32.LIB|assert ACBP=A9
 0001:000AF4A0 000000B8 C=CODE    S=_TEXT    G=(none)   M=C:\BCC56\LIB\CW32.LIB|ermsghlp ACBP=A9
 0001:000AF558 00000006 C=CODE    S=_TEXT    G=(none)   M=C:\BCC56\LIB\CW32.LIB|errno ACBP=A9
 0001:000AF558 0000019B C=CODE    S=_TEXT    G=(none)   M=C:\BCC56\LIB\CW32.LIB|errormsg ACBP=A9
 0001:000AF6F4 00000089 C=CODE    S=_TEXT    G=(none)   M=C:\BCC56\LIB\CW32.LIB|platform ACBP=A9
 0001:000AF77D 00000013 C=CODE    S=_TEXT    G=(none)   M=C:\BCC56\LIB\CW32.LIB|pureerr ACBP=A9
 0001:000AF790 00000236 C=CODE    S=_TEXT    G=(none)   M=C:\BCC56\LIB\CW32.LIB|qsort ACBP=A9
 0001:000AF9C8 00000022 C=CODE    S=_TEXT    G=(none)   M=C:\BCC56\LIB\CW32.LIB|abort ACBP=A9
 0001:000AF9EC 000000A7 C=CODE    S=_TEXT    G=(none)   M=C:\BCC56\LIB\CW32.LIB|exit ACBP=A9
 0001:000AFA94 00000057 C=CODE    S=_TEXT    G=(none)   M=C:\BCC56\LIB\CW32.LIB|getenv ACBP=A9
 0001:000AFAEC 0000001A C=CODE    S=_TEXT    G=(none)   M=C:\BCC56\LIB\CW32.LIB|initwild ACBP=A9
 0001:000AFB08 00000011 C=CODE    S=_TEXT    G=(none)   M=C:\BCC56\LIB\CW32.LIB|exparg ACBP=A9
 0001:000AFB1C 00000011 C=CODE    S=_TEXT    G=(none)   M=C:\BCC56\LIB\CW32.LIB|wexparg ACBP=A9
 0001:000AFB30 00000027 C=CODE    S=_TEXT    G=(none)   M=C:\BCC56\LIB\CW32.LIB|initargv ACBP=A9
 0001:000AFB58 0000016C C=CODE    S=_TEXT    G=(none)   M=C:\BCC56\LIB\CW32.LIB|setargv ACBP=A9
 0001:000AFCC4 000001E5 C=CODE    S=_TEXT    G=(none)   M=C:\BCC56\LIB\CW32.LIB|hsargv ACBP=A9
 0001:000AFEAC 00000227 C=CODE    S=_TEXT    G=(none)   M=C:\BCC56\LIB\CW32.LIB|whsargv ACBP=A9
 0001:000B00D4 00000045 C=CODE    S=_TEXT    G=(none)   M=C:\BCC56\LIB\CW32.LIB|setargv0 ACBP=A9
 0001:000B011C 000001A0 C=CODE    S=_TEXT    G=(none)   M=C:\BCC56\LIB\CW32.LIB|setenvp ACBP=A9
 0001:000B02BC 000002F8 C=CODE    S=_TEXT    G=(none)   M=C:\BCC56\LIB\CW32.LIB|signal ACBP=A9
 0001:000B05B4 00000157 C=CODE    S=_TEXT    G=(none)   M=C:\BCC56\LIB\CW32.LIB|initexit ACBP=A9
 0001:000B070C 000001A4 C=CODE    S=_TEXT    G=(none)   M=C:\BCC56\LIB\CW32.LIB|startup ACBP=A9
 0001:000B08B0 0000004F C=CODE    S=_TEXT    G=(none)   M=C:\BCC56\LIB\CW32.LIB|tlsstat ACBP=A9
 0001:000B0900 000002A4 C=CODE    S=_TEXT    G=(none)   M=C:\BCC56\LIB\CW32.LIB|timefunc ACBP=A9
 0001:000B0BA4 00000006 C=CODE    S=_TEXT    G=(none)   M=C:\BCC56\LIB\CW32.LIB|tzdata ACBP=A9
 0001:000B0BAC 000001C8 C=CODE    S=_TEXT    G=(none)   M=C:\BCC56\LIB\CW32.LIB|tzset ACBP=A9
 0001:000B0D74 00000008 C=CODE    S=_TEXT    G=(none)   M=C:\BCC56\LIB\CW32.LIB|_tzset ACBP=A9
 0001:000B0D7C 00000017 C=CODE    S=_TEXT    G=(none)   M=C:\BCC56\LIB\CW32.LIB|clock ACBP=A9
 0001:000B0D94 00000156 C=CODE    S=_TEXT    G=(none)   M=C:\BCC56\LIB\CW32.LIB|statcvt ACBP=A9
 0001:000B0EEC 0000004D C=CODE    S=_TEXT    G=(none)   M=C:\BCC56\LIB\CW32.LIB|time ACBP=A9
 0001:000B0F3C 00001BA2 C=CODE    S=_TEXT    G=(none)   M=C:\BCC56\LIB\CW32.LIB|xx ACBP=A9
 0002:00000000 000000A4 C=DATA    S=_DATA    G=DGROUP   M=C:\BCC56\LIB\C0W32.OBJ ACBP=A9
 0002:000000A4 0000095C C=DATA    S=_DATA    G=DGROUP   M=C:\USERS\EDUARDO\DESKTOP\TESTPRINTER\OBJ\MAIN.OBJ ACBP=A9
 0002:00000A00 00000DD4 C=DATA    S=_DATA    G=DGROUP   M=C:\FWH804\LIB\FIVEHX.LIB|ACTIVEX ACBP=A9
 0002:000017D4 00000AF0 C=DATA    S=_DATA    G=DGROUP   M=C:\FWH804\LIB\FIVEHX.LIB|ALERT ACBP=A9
 0002:000022C4 0000397C C=DATA    S=_DATA    G=DGROUP   M=C:\FWH804\LIB\FIVEHX.LIB|BAR ACBP=A9
 0002:00005C40 000034B8 C=DATA    S=_DATA    G=DGROUP   M=C:\FWH804\LIB\FIVEHX.LIB|BITMAP ACBP=A9
 0002:000090F8 00000CB8 C=DATA    S=_DATA    G=DGROUP   M=C:\FWH804\LIB\FIVEHX.LIB|BRUSH ACBP=A9
 0002:00009DB0 000011C4 C=DATA    S=_DATA    G=DGROUP   M=C:\FWH804\LIB\FIVEHX.LIB|BUTTON ACBP=A9
 0002:0000AF74 00000980 C=DATA    S=_DATA    G=DGROUP   M=C:\FWH804\LIB\FIVEHX.LIB|CLIPBRD ACBP=A9
 0002:0000B8F4 00002A20 C=DATA    S=_DATA    G=DGROUP   M=C:\FWH804\LIB\FIVEHX.LIB|COMBOBOX ACBP=A9
 0002:0000E314 0000082C C=DATA    S=_DATA    G=DGROUP   M=C:\FWH804\LIB\FIVEHX.LIB|CURSOR ACBP=A9
 0002:0000EB40 000009F8 C=DATA    S=_DATA    G=DGROUP   M=C:\FWH804\LIB\FIVEHX.LIB|DDE ACBP=A9
 0002:0000F538 000036A8 C=DATA    S=_DATA    G=DGROUP   M=C:\FWH804\LIB\FIVEHX.LIB|DIALOG ACBP=A9
 0002:00012BE0 000005A0 C=DATA    S=_DATA    G=DGROUP   M=C:\FWH804\LIB\FIVEHX.LIB|DLGFIND ACBP=A9
 0002:00013180 00001188 C=DATA    S=_DATA    G=DGROUP   M=C:\FWH804\LIB\FIVEHX.LIB|FILENAME ACBP=A9
 0002:00014308 00001610 C=DATA    S=_DATA    G=DGROUP   M=C:\FWH804\LIB\FIVEHX.LIB|FONT ACBP=A9
 0002:00015918 00000340 C=DATA    S=_DATA    G=DGROUP   M=C:\FWH804\LIB\FIVEHX.LIB|FWERROR ACBP=A9
 0002:00015C58 000007A0 C=DATA    S=_DATA    G=DGROUP   M=C:\FWH804\LIB\FIVEHX.LIB|GETTASKS ACBP=A9
 0002:000163F8 00000450 C=DATA    S=_DATA    G=DGROUP   M=C:\FWH804\LIB\FIVEHX.LIB|GETSYSIN ACBP=A9
 0002:00016848 00000998 C=DATA    S=_DATA    G=DGROUP   M=C:\FWH804\LIB\FIVEHX.LIB|HARBOUR ACBP=A9
 0002:000171E0 00000E28 C=DATA    S=_DATA    G=DGROUP   M=C:\FWH804\LIB\FIVEHX.LIB|ICON ACBP=A9
 0002:00018008 00000A48 C=DATA    S=_DATA    G=DGROUP   M=C:\FWH804\LIB\FIVEHX.LIB|INI ACBP=A9
 0002:00018A50 00002564 C=DATA    S=_DATA    G=DGROUP   M=C:\FWH804\LIB\FIVEHX.LIB|listbox ACBP=A9
 0002:0001AFB4 00001A80 C=DATA    S=_DATA    G=DGROUP   M=C:\FWH804\LIB\FIVEHX.LIB|MDICHILD ACBP=A9
 0002:0001CA34 000011CC C=DATA    S=_DATA    G=DGROUP   M=C:\FWH804\LIB\FIVEHX.LIB|MDICLIEN ACBP=A9
 0002:0001DC00 00003A40 C=DATA    S=_DATA    G=DGROUP   M=C:\FWH804\LIB\FIVEHX.LIB|MENU ACBP=A9
 0002:00021640 00001B28 C=DATA    S=_DATA    G=DGROUP   M=C:\FWH804\LIB\FIVEHX.LIB|MENUITEM ACBP=A9
 0002:00023168 00003524 C=DATA    S=_DATA    G=DGROUP   M=C:\FWH804\LIB\FIVEHX.LIB|MGET ACBP=A9
 0002:0002668C 000004B0 C=DATA    S=_DATA    G=DGROUP   M=C:\FWH804\LIB\FIVEHX.LIB|MSGRUN ACBP=A9
 0002:00026B3C 000004D0 C=DATA    S=_DATA    G=DGROUP   M=C:\FWH804\LIB\FIVEHX.LIB|PDMENU ACBP=A9
 0002:0002700C 0000052C C=DATA    S=_DATA    G=DGROUP   M=C:\FWH804\LIB\FIVEHX.LIB|PEN ACBP=A9
 0002:00027538 000035AC C=DATA    S=_DATA    G=DGROUP   M=C:\FWH804\LIB\FIVEHX.LIB|PRINTER ACBP=A9
 0002:0002AAE4 000011BC C=DATA    S=_DATA    G=DGROUP   M=C:\FWH804\LIB\FIVEHX.LIB|RADIO ACBP=A9
 0002:0002BCA0 00000FEC C=DATA    S=_DATA    G=DGROUP   M=C:\FWH804\LIB\FIVEHX.LIB|RADMENU ACBP=A9
 0002:0002CC8C 00000670 C=DATA    S=_DATA    G=DGROUP   M=C:\FWH804\LIB\FIVEHX.LIB|REBAR ACBP=A9
 0002:0002D2FC 00000460 C=DATA    S=_DATA    G=DGROUP   M=C:\FWH804\LIB\FIVEHX.LIB|RECT ACBP=A9
 0002:0002D75C 0000114C C=DATA    S=_DATA    G=DGROUP   M=C:\FWH804\LIB\FIVEHX.LIB|REG32 ACBP=A9
 0002:0002E8A8 0000557C C=DATA    S=_DATA    G=DGROUP   M=C:\FWH804\LIB\FIVEHX.LIB|RPREVIEW ACBP=A9
 0002:00033E24 00001398 C=DATA    S=_DATA    G=DGROUP   M=C:\FWH804\LIB\FIVEHX.LIB|SAY ACBP=A9
 0002:000351BC 000016A8 C=DATA    S=_DATA    G=DGROUP   M=C:\FWH804\LIB\FIVEHX.LIB|SCRLLBAR ACBP=A9
 0002:00036864 00000F1C C=DATA    S=_DATA    G=DGROUP   M=C:\FWH804\LIB\FIVEHX.LIB|STATUSBA ACBP=A9
 0002:00037780 0000063C C=DATA    S=_DATA    G=DGROUP   M=C:\FWH804\LIB\FIVEHX.LIB|TACCTBL ACBP=A9
 0002:00037DBC 000002C4 C=DATA    S=_DATA    G=DGROUP   M=C:\FWH804\LIB\FIVEHX.LIB|TCLIPGET ACBP=A9
 0002:00038080 00001310 C=DATA    S=_DATA    G=DGROUP   M=C:\FWH804\LIB\FIVEHX.LIB|TFile ACBP=A9
 0002:00039390 000015A8 C=DATA    S=_DATA    G=DGROUP   M=C:\FWH804\LIB\FIVEHX.LIB|TOOLBAR ACBP=A9
 0002:0003A938 000007D0 C=DATA    S=_DATA    G=DGROUP   M=C:\FWH804\LIB\FIVEHX.LIB|TIMAGLST ACBP=A9
 0002:0003B108 00000794 C=DATA    S=_DATA    G=DGROUP   M=C:\FWH804\LIB\FIVEHX.LIB|TIMER ACBP=A9
 0002:0003B89C 00001CDC C=DATA    S=_DATA    G=DGROUP   M=C:\FWH804\LIB\FIVEHX.LIB|TMETAFIL ACBP=A9
 0002:0003D578 00001184 C=DATA    S=_DATA    G=DGROUP   M=C:\FWH804\LIB\FIVEHX.LIB|TMSGITEM ACBP=A9
 0002:0003E6FC 00000DC8 C=DATA    S=_DATA    G=DGROUP   M=C:\FWH804\LIB\FIVEHX.LIB|TStruct ACBP=A9
 0002:0003F4C4 00000290 C=DATA    S=_DATA    G=DGROUP   M=C:\FWH804\LIB\FIVEHX.LIB|VALBLANK ACBP=A9
 0002:0003F754 00000234 C=DATA    S=_DATA    G=DGROUP   M=C:\FWH804\LIB\FIVEHX.LIB|XPAD ACBP=A9
 0002:0003F988 0000568C C=DATA    S=_DATA    G=DGROUP   M=C:\FWH804\LIB\FIVEHX.LIB|TGET ACBP=A9
 0002:00045014 00001D04 C=DATA    S=_DATA    G=DGROUP   M=C:\FWH804\LIB\FIVEHX.LIB|ERRSYSW ACBP=A9
 0002:00046D18 0000A2B8 C=DATA    S=_DATA    G=DGROUP   M=C:\FWH804\LIB\FIVEHX.LIB|WINDOW ACBP=A9
 0002:00050FD0 000016CC C=DATA    S=_DATA    G=DGROUP   M=C:\FWH804\LIB\FIVEHX.LIB|MDIFRAME ACBP=A9
 0002:0005269C 00003C4C C=DATA    S=_DATA    G=DGROUP   M=C:\FWH804\LIB\FIVEHX.LIB|BTNBMP ACBP=A9
 0002:000562E8 00000858 C=DATA    S=_DATA    G=DGROUP   M=C:\FWH804\LIB\FIVEHX.LIB|HELP32 ACBP=A9
 0002:00056B40 00002974 C=DATA    S=_DATA    G=DGROUP   M=C:\FWH804\LIB\FIVEHX.LIB|MSGBAR ACBP=A9
 0002:000594B4 000011A0 C=DATA    S=_DATA    G=DGROUP   M=C:\FWH804\LIB\FIVEHX.LIB|TTxtFile ACBP=A9
 0002:0005A654 00004D78 C=DATA    S=_DATA    G=DGROUP   M=C:\FWH804\LIB\FIVEHX.LIB|CONTROL ACBP=A9
 0002:0005F3CC 00000554 C=DATA    S=_DATA    G=DGROUP   M=C:\FWH804\LIB\FIVEHX.LIB|HELPCHM ACBP=A9
 0002:0005F920 000003D4 C=DATA    S=_DATA    G=DGROUP   M=C:\FWH804\LIB\FIVEHC.LIB|ACTX ACBP=A9
 0002:0005FCF4 0000000C C=DATA    S=_DATA    G=DGROUP   M=C:\FWH804\LIB\FIVEHC.LIB|BARTOOLS ACBP=A9
 0002:0005FD00 00000010 C=DATA    S=_DATA    G=DGROUP   M=C:\FWH804\LIB\FIVEHC.LIB|BMPDRAW ACBP=A9
 0002:0005FD10 00000004 C=DATA    S=_DATA    G=DGROUP   M=C:\FWH804\LIB\FIVEHC.LIB|BMPREAD ACBP=A9
 0002:0005FD14 0000181C C=DATA    S=_DATA    G=DGROUP   M=C:\FWH804\LIB\FIVEHC.LIB|BRUSHES ACBP=A9
 0002:00061530 00000006 C=DATA    S=_DATA    G=DGROUP   M=C:\FWH804\LIB\FIVEHC.LIB|CALLDLL ACBP=A9
 0002:00061538 0000006C C=DATA    S=_DATA    G=DGROUP   M=C:\FWH804\LIB\FIVEHC.LIB|CALDLL32 ACBP=A9
 0002:000615A4 00000004 C=DATA    S=_DATA    G=DGROUP   M=C:\FWH804\LIB\FIVEHC.LIB|CLPBRD ACBP=A9
 0002:000615A8 00000008 C=DATA    S=_DATA    G=DGROUP   M=C:\FWH804\LIB\FIVEHC.LIB|CREATEPA ACBP=A9
 0002:000615B0 00000008 C=DATA    S=_DATA    G=DGROUP   M=C:\FWH804\LIB\FIVEHC.LIB|CREATESO ACBP=A9
 0002:000615B8 00000098 C=DATA    S=_DATA    G=DGROUP   M=C:\FWH804\LIB\FIVEHC.LIB|CTL3D ACBP=A9
 0002:00061650 00000288 C=DATA    S=_DATA    G=DGROUP   M=C:\FWH804\LIB\FIVEHC.LIB|CTLHDLEH ACBP=A9
 0002:000618D8 00000004 C=DATA    S=_DATA    G=DGROUP   M=C:\FWH804\LIB\FIVEHC.LIB|CTRL2CHR ACBP=A9
 0002:000618DC 00000448 C=DATA    S=_DATA    G=DGROUP   M=C:\FWH804\LIB\FIVEHC.LIB|CURSORS ACBP=A9
 0002:00061D24 00000004 C=DATA    S=_DATA    G=DGROUP   M=C:\FWH804\LIB\FIVEHC.LIB|DIB ACBP=A9
 0002:00061D28 00000008 C=DATA    S=_DATA    G=DGROUP   M=C:\FWH804\LIB\FIVEHC.LIB|DLGBOX ACBP=A9
 0002:00061D30 00000004 C=DATA    S=_DATA    G=DGROUP   M=C:\FWH804\LIB\FIVEHC.LIB|DRAWITEM ACBP=A9
 0002:00061D34 00000018 C=DATA    S=_DATA    G=DGROUP   M=C:\FWH804\LIB\FIVEHC.LIB|FINDTEXT ACBP=A9
 0002:00061D4C 00000010 C=DATA    S=_DATA    G=DGROUP   M=C:\FWH804\LIB\FIVEHC.LIB|FONTS ACBP=A9
 0002:00061D5C 00000004 C=DATA    S=_DATA    G=DGROUP   M=C:\FWH804\LIB\FIVEHC.LIB|FTEXT ACBP=A9
 0002:00061D60 00000010 C=DATA    S=_DATA    G=DGROUP   M=C:\FWH804\LIB\FIVEHC.LIB|FWBMP ACBP=A9
 0002:00061D70 00000024 C=DATA    S=_DATA    G=DGROUP   M=C:\FWH804\LIB\FIVEHC.LIB|FFDLGPRC ACBP=A9
 0002:00061D94 00000022 C=DATA    S=_DATA    G=DGROUP   M=C:\FWH804\LIB\FIVEHC.LIB|FWPALCTL ACBP=A9
 0002:00061DB8 0000000C C=DATA    S=_DATA    G=DGROUP   M=C:\FWH804\LIB\FIVEHC.LIB|FFWNDRUN ACBP=A9
 0002:00061DC4 00000028 C=DATA    S=_DATA    G=DGROUP   M=C:\FWH804\LIB\FIVEHC.LIB|GETFILE ACBP=A9
 0002:00061DEC 00000004 C=DATA    S=_DATA    G=DGROUP   M=C:\FWH804\LIB\FIVEHC.LIB|GETTEXT ACBP=A9
 0002:00061DF0 0000000D C=DATA    S=_DATA    G=DGROUP   M=C:\FWH804\LIB\FIVEHC.LIB|HANDLIST ACBP=A9
 0002:00061E00 0000000C C=DATA    S=_DATA    G=DGROUP   M=C:\FWH804\LIB\FIVEHC.LIB|HARBOURC ACBP=A9
 0002:00061E0C 00000004 C=DATA    S=_DATA    G=DGROUP   M=C:\FWH804\LIB\FIVEHC.LIB|HELP ACBP=A9
 0002:00061E10 00000010 C=DATA    S=_DATA    G=DGROUP   M=C:\FWH804\LIB\FIVEHC.LIB|ICONS ACBP=A9
 0002:00061E20 000000A0 C=DATA    S=_DATA    G=DGROUP   M=C:\FWH804\LIB\FIVEHC.LIB|IMAGELIS ACBP=A9
 0002:00061EC0 00000004 C=DATA    S=_DATA    G=DGROUP   M=C:\FWH804\LIB\FIVEHC.LIB|INSTANCE ACBP=A9
 0002:00061EC4 00000004 C=DATA    S=_DATA    G=DGROUP   M=C:\FWH804\LIB\FIVEHC.LIB|LBX ACBP=A9
 0002:00061EC8 00000004 C=DATA    S=_DATA    G=DGROUP   M=C:\FWH804\LIB\FIVEHC.LIB|LOADBMP ACBP=A9
 0002:00061ECC 000000A8 C=DATA    S=_DATA    G=DGROUP   M=C:\FWH804\LIB\FIVEHC.LIB|METAFI32 ACBP=A9
 0002:00061F74 00000008 C=DATA    S=_DATA    G=DGROUP   M=C:\FWH804\LIB\FIVEHC.LIB|MGETCREA ACBP=A9
 0002:00061F7C 000000B0 C=DATA    S=_DATA    G=DGROUP   M=C:\FWH804\LIB\FIVEHC.LIB|MSGS ACBP=A9
 0002:0006202C 00000004 C=DATA    S=_DATA    G=DGROUP   M=C:\FWH804\LIB\FIVEHC.LIB|MSGTOOLS ACBP=A9
 0002:00062030 00000004 C=DATA    S=_DATA    G=DGROUP   M=C:\FWH804\LIB\FIVEHC.LIB|OEMANSI ACBP=A9
 0002:00062034 000001A4 C=DATA    S=_DATA    G=DGROUP   M=C:\FWH804\LIB\FIVEHC.LIB|ole ACBP=A9
 0002:000621D8 00000004 C=DATA    S=_DATA    G=DGROUP   M=C:\FWH804\LIB\FIVEHC.LIB|OR ACBP=A9
 0002:000621DC 00000018 C=DATA    S=_DATA    G=DGROUP   M=C:\FWH804\LIB\FIVEHC.LIB|PRINTDC ACBP=A9
 0002:000621F4 00000004 C=DATA    S=_DATA    G=DGROUP   M=C:\FWH804\LIB\FIVEHC.LIB|PROFILE ACBP=A9
 0002:000621F8 00000010 C=DATA    S=_DATA    G=DGROUP   M=C:\FWH804\LIB\FIVEHC.LIB|RECTS ACBP=A9
 0002:00062208 00000028 C=DATA    S=_DATA    G=DGROUP   M=C:\FWH804\LIB\FIVEHC.LIB|RESCHECK ACBP=A9
 0002:00062230 00000008 C=DATA    S=_DATA    G=DGROUP   M=C:\FWH804\LIB\FIVEHC.LIB|RESOURCE ACBP=A9
 0002:00062238 00000018 C=DATA    S=_DATA    G=DGROUP   M=C:\FWH804\LIB\FIVEHC.LIB|SCROLL ACBP=A9
 0002:00062250 00000004 C=DATA    S=_DATA    G=DGROUP   M=C:\FWH804\LIB\FIVEHC.LIB|SETTEXT ACBP=A9
 0002:00062254 00000198 C=DATA    S=_DATA    G=DGROUP   M=C:\FWH804\LIB\FIVEHC.LIB|THEMES ACBP=A9
 0002:000623EC 00000014 C=DATA    S=_DATA    G=DGROUP   M=C:\FWH804\LIB\FIVEHC.LIB|TOOLBARS ACBP=A9
 0002:00062400 00000014 C=DATA    S=_DATA    G=DGROUP   M=C:\FWH804\LIB\FIVEHC.LIB|TOOLTIP ACBP=A9
 0002:00062414 00000018 C=DATA    S=_DATA    G=DGROUP   M=C:\FWH804\LIB\FIVEHC.LIB|WMOUSE ACBP=A9
 0002:0006242C 00000048 C=DATA    S=_DATA    G=DGROUP   M=C:\FWH804\LIB\FIVEHC.LIB|WNDMOVE ACBP=A9
 0002:00062474 00000014 C=DATA    S=_DATA    G=DGROUP   M=C:\FWH804\LIB\FIVEHC.LIB|WNDRUN ACBP=A9
 0002:00062488 00000018 C=DATA    S=_DATA    G=DGROUP   M=C:\FWH804\LIB\FIVEHC.LIB|__WNDPRO ACBP=A9
 0002:000624A0 00000015 C=DATA    S=_DATA    G=DGROUP   M=C:\FWH804\LIB\FIVEHC.LIB|ANIGIF ACBP=A9
 0002:000624B4 0000007C C=DATA    S=_DATA    G=DGROUP   M=C:\FWH804\LIB\FIVEHC.LIB|DEVICE ACBP=A9
 0002:00062530 00000004 C=DATA    S=_DATA    G=DGROUP   M=C:\XHB804\LIB\RTL.LIB|abs ACBP=A9
 0002:00062534 0000000C C=DATA    S=_DATA    G=DGROUP   M=C:\XHB804\LIB\RTL.LIB|at ACBP=A9
 0002:00062540 00000010 C=DATA    S=_DATA    G=DGROUP   M=C:\XHB804\LIB\RTL.LIB|bkgtsks ACBP=A9
 0002:00062550 00000364 C=DATA    S=_DATA    G=DGROUP   M=C:\XHB804\LIB\RTL.LIB|cdpapi ACBP=A9
 0002:000628B4 00000008 C=DATA    S=_DATA    G=DGROUP   M=C:\XHB804\LIB\RTL.LIB|chrasc ACBP=A9
 0002:000628BC 00000004 C=DATA    S=_DATA    G=DGROUP   M=C:\XHB804\LIB\RTL.LIB|colorind ACBP=A9
 0002:000628C0 00000038 C=DATA    S=_DATA    G=DGROUP   M=C:\XHB804\LIB\RTL.LIB|console ACBP=A9
 0002:000628F8 00000010 C=DATA    S=_DATA    G=DGROUP   M=C:\XHB804\LIB\RTL.LIB|datec ACBP=A9
 0002:00062908 00000054 C=DATA    S=_DATA    G=DGROUP   M=C:\XHB804\LIB\RTL.LIB|dateshb ACBP=A9
 0002:0006295C 00000098 C=DATA    S=_DATA    G=DGROUP   M=C:\XHB804\LIB\RTL.LIB|direct ACBP=A9
 0002:000629F4 00000018 C=DATA    S=_DATA    G=DGROUP   M=C:\XHB804\LIB\RTL.LIB|filesys ACBP=A9
 0002:00062A0C 00000004 C=DATA    S=_DATA    G=DGROUP   M=C:\XHB804\LIB\RTL.LIB|fserror ACBP=A9
 0002:00062A10 000000C4 C=DATA    S=_DATA    G=DGROUP   M=C:\XHB804\LIB\RTL.LIB|fparse ACBP=A9
 0002:00062AD4 00000004 C=DATA    S=_DATA    G=DGROUP   M=C:\XHB804\LIB\RTL.LIB|fstemp ACBP=A9
 0002:00062AD8 00000004 C=DATA    S=_DATA    G=DGROUP   M=C:\XHB804\LIB\RTL.LIB|gete ACBP=A9
 0002:00062ADC 0000001C C=DATA    S=_DATA    G=DGROUP   M=C:\XHB804\LIB\RTL.LIB|gtapi ACBP=A9
 0002:00062AF8 00000030 C=DATA    S=_DATA    G=DGROUP   M=C:\XHB804\LIB\RTL.LIB|gtfunc ACBP=A9
 0002:00062B28 00000060 C=DATA    S=_DATA    G=DGROUP   M=C:\XHB804\LIB\RTL.LIB|hbbitf ACBP=A9
 0002:00062B88 00000020 C=DATA    S=_DATA    G=DGROUP   M=C:\XHB804\LIB\RTL.LIB|hbffind ACBP=A9
 0002:00062BA8 0000029C C=DATA    S=_DATA    G=DGROUP   M=C:\XHB804\LIB\RTL.LIB|hbgtcore ACBP=A9
 0002:00062E44 00000024 C=DATA    S=_DATA    G=DGROUP   M=C:\XHB804\LIB\RTL.LIB|hbhex2n ACBP=A9
 0002:00062E68 00000004 C=DATA    S=_DATA    G=DGROUP   M=C:\XHB804\LIB\RTL.LIB|hbrandom ACBP=A9
 0002:00062E6C 0000002C C=DATA    S=_DATA    G=DGROUP   M=C:\XHB804\LIB\RTL.LIB|hbtoken ACBP=A9
 0002:00062E98 00000018 C=DATA    S=_DATA    G=DGROUP   M=C:\XHB804\LIB\RTL.LIB|idle ACBP=A9
 0002:00062EB0 0000000C C=DATA    S=_DATA    G=DGROUP   M=C:\XHB804\LIB\RTL.LIB|inkey ACBP=A9
 0002:00062EBC 00000060 C=DATA    S=_DATA    G=DGROUP   M=C:\XHB804\LIB\RTL.LIB|langapi ACBP=A9
 0002:00062F1C 00000008 C=DATA    S=_DATA    G=DGROUP   M=C:\XHB804\LIB\RTL.LIB|left ACBP=A9
 0002:00062F24 00000004 C=DATA    S=_DATA    G=DGROUP   M=C:\XHB804\LIB\RTL.LIB|len ACBP=A9
 0002:00062F28 00000154 C=DATA    S=_DATA    G=DGROUP   M=C:\XHB804\LIB\RTL.LIB|math ACBP=A9
 0002:0006307C 00000004 C=DATA    S=_DATA    G=DGROUP   M=C:\XHB804\LIB\RTL.LIB|memofile ACBP=A9
 0002:00063080 00000008 C=DATA    S=_DATA    G=DGROUP   M=C:\XHB804\LIB\RTL.LIB|minmax ACBP=A9
 0002:00063088 00000004 C=DATA    S=_DATA    G=DGROUP   M=C:\XHB804\LIB\RTL.LIB|padc ACBP=A9
 0002:0006308C 00000004 C=DATA    S=_DATA    G=DGROUP   M=C:\XHB804\LIB\RTL.LIB|padl ACBP=A9
 0002:00063090 00000004 C=DATA    S=_DATA    G=DGROUP   M=C:\XHB804\LIB\RTL.LIB|padr ACBP=A9
 0002:00063094 000000E0 C=DATA    S=_DATA    G=DGROUP   M=C:\XHB804\LIB\RTL.LIB|philes ACBP=A9
 0002:00063174 00000020 C=DATA    S=_DATA    G=DGROUP   M=C:\XHB804\LIB\RTL.LIB|philesx ACBP=A9
 0002:00063194 000000EC C=DATA    S=_DATA    G=DGROUP   M=C:\XHB804\LIB\RTL.LIB|regex ACBP=A9
 0002:00063280 0000000C C=DATA    S=_DATA    G=DGROUP   M=C:\XHB804\LIB\RTL.LIB|replic ACBP=A9
 0002:0006328C 00000004 C=DATA    S=_DATA    G=DGROUP   M=C:\XHB804\LIB\RTL.LIB|right ACBP=A9
 0002:00063290 0000000C C=DATA    S=_DATA    G=DGROUP   M=C:\XHB804\LIB\RTL.LIB|round ACBP=A9
 0002:0006329C 00000008 C=DATA    S=_DATA    G=DGROUP   M=C:\XHB804\LIB\RTL.LIB|seconds ACBP=A9
 0002:000632A4 000000A8 C=DATA    S=_DATA    G=DGROUP   M=C:\XHB804\LIB\RTL.LIB|set ACBP=A9
 0002:0006334C 00000004 C=DATA    S=_DATA    G=DGROUP   M=C:\XHB804\LIB\RTL.LIB|setcolor ACBP=A9
 0002:00063350 00000008 C=DATA    S=_DATA    G=DGROUP   M=C:\XHB804\LIB\RTL.LIB|space ACBP=A9
 0002:00063358 00000004 C=DATA    S=_DATA    G=DGROUP   M=C:\XHB804\LIB\RTL.LIB|spfiles ACBP=A9
 0002:0006335C 00000004 C=DATA    S=_DATA    G=DGROUP   M=C:\XHB804\LIB\RTL.LIB|str ACBP=A9
 0002:00063360 0000000C C=DATA    S=_DATA    G=DGROUP   M=C:\XHB804\LIB\RTL.LIB|strcase ACBP=A9
 0002:0006336C 00000004 C=DATA    S=_DATA    G=DGROUP   M=C:\XHB804\LIB\RTL.LIB|strdel ACBP=A9
 0002:00063370 0000000C C=DATA    S=_DATA    G=DGROUP   M=C:\XHB804\LIB\RTL.LIB|strtran ACBP=A9
 0002:0006337C 0000000C C=DATA    S=_DATA    G=DGROUP   M=C:\XHB804\LIB\RTL.LIB|strzero ACBP=A9
 0002:00063388 00000004 C=DATA    S=_DATA    G=DGROUP   M=C:\XHB804\LIB\RTL.LIB|stuff ACBP=A9
 0002:0006338C 00000008 C=DATA    S=_DATA    G=DGROUP   M=C:\XHB804\LIB\RTL.LIB|substr ACBP=A9
 0002:00063394 000000C0 C=DATA    S=_DATA    G=DGROUP   M=C:\XHB804\LIB\RTL.LIB|tprinter ACBP=A9
 0002:00063454 00000030 C=DATA    S=_DATA    G=DGROUP   M=C:\XHB804\LIB\RTL.LIB|trace ACBP=A9
 0002:00063484 00000184 C=DATA    S=_DATA    G=DGROUP   M=C:\XHB804\LIB\RTL.LIB|transfrm ACBP=A9
 0002:00063608 00000010 C=DATA    S=_DATA    G=DGROUP   M=C:\XHB804\LIB\RTL.LIB|trim ACBP=A9
 0002:00063618 0000000C C=DATA    S=_DATA    G=DGROUP   M=C:\XHB804\LIB\RTL.LIB|txtline ACBP=A9
 0002:00063624 00000008 C=DATA    S=_DATA    G=DGROUP   M=C:\XHB804\LIB\RTL.LIB|type ACBP=A9
 0002:0006362C 00000004 C=DATA    S=_DATA    G=DGROUP   M=C:\XHB804\LIB\RTL.LIB|val ACBP=A9
 0002:00063630 0000000C C=DATA    S=_DATA    G=DGROUP   M=C:\XHB804\LIB\RTL.LIB|valtype ACBP=A9
 0002:0006363C 00000058 C=DATA    S=_DATA    G=DGROUP   M=C:\XHB804\LIB\RTL.LIB|version ACBP=A9
 0002:00063694 00000008 C=DATA    S=_DATA    G=DGROUP   M=C:\XHB804\LIB\RTL.LIB|word ACBP=A9
 0002:0006369C 00000008 C=DATA    S=_DATA    G=DGROUP   M=C:\XHB804\LIB\RTL.LIB|xhelp ACBP=A9
 0002:000636A4 00000004 C=DATA    S=_DATA    G=DGROUP   M=C:\XHB804\LIB\RTL.LIB|xsavescr ACBP=A9
 0002:000636A8 000004DC C=DATA    S=_DATA    G=DGROUP   M=C:\XHB804\LIB\RTL.LIB|alert ACBP=A9
 0002:00063B84 00000FBC C=DATA    S=_DATA    G=DGROUP   M=C:\XHB804\LIB\RTL.LIB|cstr ACBP=A9
 0002:00064B40 000000D8 C=DATA    S=_DATA    G=DGROUP   M=C:\XHB804\LIB\RTL.LIB|memvarbl ACBP=A9
 0002:00064C18 0000110C C=DATA    S=_DATA    G=DGROUP   M=C:\XHB804\LIB\RTL.LIB|objfunc ACBP=A9
 0002:00065D24 000018A0 C=DATA    S=_DATA    G=DGROUP   M=C:\XHB804\LIB\RTL.LIB|tclass ACBP=A9
 0002:000675C4 000005A0 C=DATA    S=_DATA    G=DGROUP   M=C:\XHB804\LIB\RTL.LIB|terror ACBP=A9
 0002:00067B64 00006884 C=DATA    S=_DATA    G=DGROUP   M=C:\XHB804\LIB\RTL.LIB|tget ACBP=A9
 0002:0006E3E8 000003B4 C=DATA    S=_DATA    G=DGROUP   M=C:\XHB804\LIB\RTL.LIB|tgetint ACBP=A9
 0002:0006E79C 00000C48 C=DATA    S=_DATA    G=DGROUP   M=C:\XHB804\LIB\RTL.LIB|tobject ACBP=A9
 0002:0006F3E4 000004B8 C=DATA    S=_DATA    G=DGROUP   M=C:\XHB804\LIB\RTL.LIB|traceprg ACBP=A9
 0002:0006F89C 0000002C C=DATA    S=_DATA    G=DGROUP   M=C:\XHB804\LIB\VM.LIB|arrays ACBP=A9
 0002:0006F8C8 000001CC C=DATA    S=_DATA    G=DGROUP   M=C:\XHB804\LIB\VM.LIB|arrayshb ACBP=A9
 0002:0006FA94 00000534 C=DATA    S=_DATA    G=DGROUP   M=C:\XHB804\LIB\VM.LIB|classes ACBP=A9
 0002:0006FFC8 0000002C C=DATA    S=_DATA    G=DGROUP   M=C:\XHB804\LIB\VM.LIB|classesc ACBP=A9
 0002:0006FFF4 000000E4 C=DATA    S=_DATA    G=DGROUP   M=C:\XHB804\LIB\VM.LIB|cmdarg ACBP=A9
 0002:000700D8 00000034 C=DATA    S=_DATA    G=DGROUP   M=C:\XHB804\LIB\VM.LIB|codebloc ACBP=A9
 0002:0007010C 00000038 C=DATA    S=_DATA    G=DGROUP   M=C:\XHB804\LIB\VM.LIB|debug ACBP=A9
 0002:00070144 0000001C C=DATA    S=_DATA    G=DGROUP   M=C:\XHB804\LIB\VM.LIB|dynsym ACBP=A9
 0002:00070160 00000240 C=DATA    S=_DATA    G=DGROUP   M=C:\XHB804\LIB\VM.LIB|errorapi ACBP=A9
 0002:000703A0 00000194 C=DATA    S=_DATA    G=DGROUP   M=C:\XHB804\LIB\VM.LIB|estack ACBP=A9
 0002:00070534 0000001C C=DATA    S=_DATA    G=DGROUP   M=C:\XHB804\LIB\VM.LIB|eval ACBP=A9
 0002:00070550 00000004 C=DATA    S=_DATA    G=DGROUP   M=C:\XHB804\LIB\VM.LIB|extend ACBP=A9
 0002:00070554 00000044 C=DATA    S=_DATA    G=DGROUP   M=C:\XHB804\LIB\VM.LIB|garbage ACBP=A9
 0002:00070598 00000328 C=DATA    S=_DATA    G=DGROUP   M=C:\XHB804\LIB\VM.LIB|hash ACBP=A9
 0002:000708C0 000000E0 C=DATA    S=_DATA    G=DGROUP   M=C:\XHB804\LIB\VM.LIB|hbi18n ACBP=A9
 0002:000709A0 00000A90 C=DATA    S=_DATA    G=DGROUP   M=C:\XHB804\LIB\VM.LIB|hvm ACBP=A9
 0002:00071430 00000568 C=DATA    S=_DATA    G=DGROUP   M=C:\XHB804\LIB\VM.LIB|initsymb ACBP=A9
 0002:00071998 00000034 C=DATA    S=_DATA    G=DGROUP   M=C:\XHB804\LIB\VM.LIB|itemapi ACBP=A9
 0002:000719CC 000000A8 C=DATA    S=_DATA    G=DGROUP   M=C:\XHB804\LIB\VM.LIB|fastitem ACBP=A9
 0002:00071A74 00000028 C=DATA    S=_DATA    G=DGROUP   M=C:\XHB804\LIB\VM.LIB|macro ACBP=A9
 0002:00071A9C 00000008 C=DATA    S=_DATA    G=DGROUP   M=C:\XHB804\LIB\VM.LIB|mainwin ACBP=A9
 0002:00071AA4 0000012C C=DATA    S=_DATA    G=DGROUP   M=C:\XHB804\LIB\VM.LIB|memvars ACBP=A9
 0002:00071BD0 0000005C C=DATA    S=_DATA    G=DGROUP   M=C:\XHB804\LIB\VM.LIB|proc ACBP=A9
 0002:00071C2C 00000008 C=DATA    S=_DATA    G=DGROUP   M=C:\XHB804\LIB\VM.LIB|throw ACBP=A9
 0002:00071C34 00000450 C=DATA    S=_DATA    G=DGROUP   M=C:\XHB804\LIB\VM.LIB|harbinit ACBP=A9
 0002:00072084 00000988 C=DATA    S=_DATA    G=DGROUP   M=C:\XHB804\LIB\LANG.LIB|msgen ACBP=A9
 0002:00072A0C 000030DC C=DATA    S=_DATA    G=DGROUP   M=C:\XHB804\LIB\MACRO.LIB|macroy ACBP=A9
 0002:00075AE8 0000003F C=DATA    S=_DATA    G=DGROUP   M=C:\XHB804\LIB\MACRO.LIB|macroa ACBP=A9
 0002:00075B28 00000170 C=DATA    S=_DATA    G=DGROUP   M=C:\XHB804\LIB\MACRO.LIB|macrob ACBP=A9
 0002:00075C98 00000CE8 C=DATA    S=_DATA    G=DGROUP   M=C:\XHB804\LIB\MACRO.LIB|macroslx ACBP=A9
 0002:00076980 00000294 C=DATA    S=_DATA    G=DGROUP   M=C:\XHB804\LIB\RDD.LIB|dbcmd ACBP=A9
 0002:00076C14 000001D8 C=DATA    S=_DATA    G=DGROUP   M=C:\XHB804\LIB\RDD.LIB|workarea ACBP=A9
 0002:00076DEC 00000070 C=DATA    S=_DATA    G=DGROUP   M=C:\XHB804\LIB\RDD.LIB|wacore ACBP=A9
 0002:00076E5C 00000040 C=DATA    S=_DATA    G=DGROUP   M=C:\XHB804\LIB\RDD.LIB|wafunc ACBP=A9
 0002:00076E9C 00000214 C=DATA    S=_DATA    G=DGROUP   M=C:\XHB804\LIB\RDD.LIB|dbf1 ACBP=A9
 0002:000770B0 00000300 C=DATA    S=_DATA    G=DGROUP   M=C:\XHB804\LIB\RDD.LIB|rddord ACBP=A9
 0002:000773B0 00000068 C=DATA    S=_DATA    G=DGROUP   M=C:\XHB804\LIB\RDD.LIB|rddsys ACBP=A9
 0002:00077418 00000498 C=DATA    S=_DATA    G=DGROUP   M=C:\XHB804\LIB\DBFNTX.LIB|dbfntx1 ACBP=A9
 0002:000778B0 0000027C C=DATA    S=_DATA    G=DGROUP   M=C:\XHB804\LIB\DBFFPT.LIB|dbffpt1 ACBP=A9
 0002:00077B2C 00000008 C=DATA    S=_DATA    G=DGROUP   M=C:\XHB804\LIB\COMMON.LIB|hbfsapi ACBP=A9
 0002:00077B34 00000688 C=DATA    S=_DATA    G=DGROUP   M=C:\XHB804\LIB\COMMON.LIB|hbstr ACBP=A9
 0002:000781BC 000000C0 C=DATA    S=_DATA    G=DGROUP   M=C:\XHB804\LIB\COMMON.LIB|hbtrace ACBP=A9
 0002:0007827C 00001048 C=DATA    S=_DATA    G=DGROUP   M=C:\XHB804\LIB\COMMON.LIB|hbver ACBP=A9
 0002:000792C4 000001BC C=DATA    S=_DATA    G=DGROUP   M=C:\XHB804\LIB\COMMON.LIB|expropt1 ACBP=A9
 0002:00079480 0000025C C=DATA    S=_DATA    G=DGROUP   M=C:\XHB804\LIB\COMMON.LIB|reserved ACBP=A9
 0002:000796DC 00000088 C=DATA    S=_DATA    G=DGROUP   M=C:\XHB804\LIB\COMMON.LIB|hbdate ACBP=A9
 0002:00079764 00000440 C=DATA    S=_DATA    G=DGROUP   M=C:\XHB804\LIB\PCREPOS.LIB|pcre_chartables ACBP=A9
 0002:00079BA4 00000C40 C=DATA    S=_DATA    G=DGROUP   M=C:\XHB804\LIB\PCREPOS.LIB|pcre_compile ACBP=A9
 0002:0007A7E4 0000000C C=DATA    S=_DATA    G=DGROUP   M=C:\XHB804\LIB\PCREPOS.LIB|pcre_exec ACBP=A9
 0002:0007A7F0 00000014 C=DATA    S=_DATA    G=DGROUP   M=C:\XHB804\LIB\PCREPOS.LIB|pcre_globals ACBP=A9
 0002:0007A804 00000070 C=DATA    S=_DATA    G=DGROUP   M=C:\XHB804\LIB\PCREPOS.LIB|pcre_tables ACBP=A9
 0002:0007A874 00000294 C=DATA    S=_DATA    G=DGROUP   M=C:\XHB804\LIB\PCREPOS.LIB|pcreposix ACBP=A9
 0002:0007AB08 0000005C C=DATA    S=_DATA    G=DGROUP   M=C:\BCC56\LIB\CW32.LIB|new ACBP=A9
 0002:0007AB64 00000088 C=DATA    S=_DATA    G=DGROUP   M=C:\BCC56\LIB\CW32.LIB|setnew ACBP=A9
 0002:0007ABD8 00000004 C=DATA    S=_DATA    G=DGROUP   M=C:\BCC56\LIB\CW32.LIB|virtmem ACBP=A9
 0002:0007ABDC 00000098 C=DATA    S=_DATA    G=DGROUP   M=C:\BCC56\LIB\CW32.LIB|hrdir_b ACBP=A9
 0002:0007AC74 00000020 C=DATA    S=_DATA    G=DGROUP   M=C:\BCC56\LIB\CW32.LIB|hrdir_s ACBP=A9
 0002:0007AC94 00000040 C=DATA    S=_DATA    G=DGROUP   M=C:\BCC56\LIB\CW32.LIB|heap ACBP=A9
 0002:0007ACD4 00000070 C=DATA    S=_DATA    G=DGROUP   M=C:\BCC56\LIB\CW32.LIB|predecl ACBP=A9
 0002:0007AD44 000000A8 C=DATA    S=_DATA    G=DGROUP   M=C:\BCC56\LIB\CW32.LIB|stdexcpt ACBP=A9
 0002:0007ADD8 00000004 C=DATA    S=_DATA    G=DGROUP   M=C:\BCC56\LIB\CW32.LIB|xx_xpf ACBP=A9
 0002:0007ADDC 00000348 C=DATA    S=_DATA    G=DGROUP   M=C:\BCC56\LIB\CW32.LIB|xxtype ACBP=A9
 0002:0007B124 0000003C C=DATA    S=_DATA    G=DGROUP   M=C:\BCC56\LIB\CW32.LIB|xxut ACBP=A9
 0002:0007B160 000000E4 C=DATA    S=_DATA    G=DGROUP   M=C:\BCC56\LIB\CW32.LIB|xxv ACBP=A9
 0002:0007B244 00000014 C=DATA    S=_DATA    G=DGROUP   M=C:\BCC56\LIB\CW32.LIB|except ACBP=A9
 0002:0007B258 0000000C C=DATA    S=_DATA    G=DGROUP   M=C:\BCC56\LIB\CW32.LIB|__dup2 ACBP=A9
 0002:0007B264 00000004 C=DATA    S=_DATA    G=DGROUP   M=C:\BCC56\LIB\CW32.LIB|_cfinfo ACBP=A9
 0002:0007B268 00000004 C=DATA    S=_DATA    G=DGROUP   M=C:\BCC56\LIB\CW32.LIB|_umask ACBP=A9
 0002:0007B26C 00000004 C=DATA    S=_DATA    G=DGROUP   M=C:\BCC56\LIB\CW32.LIB|cfinfo ACBP=A9
 0002:0007B270 000004B0 C=DATA    S=_DATA    G=DGROUP   M=C:\BCC56\LIB\CW32.LIB|files ACBP=A9
 0002:0007B720 000000CC C=DATA    S=_DATA    G=DGROUP   M=C:\BCC56\LIB\CW32.LIB|files2 ACBP=A9
 0002:0007B7EC 00000004 C=DATA    S=_DATA    G=DGROUP   M=C:\BCC56\LIB\CW32.LIB|fmode ACBP=A9
 0002:0007B7F0 00000004 C=DATA    S=_DATA    G=DGROUP   M=C:\BCC56\LIB\CW32.LIB|fmodeptr ACBP=A9
 0002:0007B7F4 0000012B C=DATA    S=_DATA    G=DGROUP   M=C:\BCC56\LIB\CW32.LIB|ioerror ACBP=A9
 0002:0007B920 0000000C C=DATA    S=_DATA    G=DGROUP   M=C:\BCC56\LIB\CW32.LIB|mkname ACBP=A9
 0002:0007B92C 0000047C C=DATA    S=_DATA    G=DGROUP   M=C:\BCC56\LIB\CW32.LIB|perror ACBP=A9
 0002:0007BDA8 00000018 C=DATA    S=_DATA    G=DGROUP   M=C:\BCC56\LIB\CW32.LIB|stat ACBP=A9
 0002:0007BDC0 00000076 C=DATA    S=_DATA    G=DGROUP   M=C:\BCC56\LIB\CW32.LIB|vprinter ACBP=A9
 0002:0007BE38 00000202 C=DATA    S=_DATA    G=DGROUP   M=C:\BCC56\LIB\CW32.LIB|bigctype ACBP=A9
 0002:0007C03C 00000100 C=DATA    S=_DATA    G=DGROUP   M=C:\BCC56\LIB\CW32.LIB|clower ACBP=A9
 0002:0007C13C 00000100 C=DATA    S=_DATA    G=DGROUP   M=C:\BCC56\LIB\CW32.LIB|cupper ACBP=A9
 0002:0007C23C 00000260 C=DATA    S=_DATA    G=DGROUP   M=C:\BCC56\LIB\CW32.LIB|clocale ACBP=A9
 0002:0007C49C 00000010 C=DATA    S=_DATA    G=DGROUP   M=C:\BCC56\LIB\CW32.LIB|_matherr ACBP=A9
 0002:0007C4AC 000000C0 C=DATA    S=_DATA    G=DGROUP   M=C:\BCC56\LIB\CW32.LIB|_pow10 ACBP=A9
 0002:0007C56C 00000068 C=DATA    S=_DATA    G=DGROUP   M=C:\BCC56\LIB\CW32.LIB|cvtfak ACBP=A9
 0002:0007C5D4 00000068 C=DATA    S=_DATA    G=DGROUP   M=C:\BCC56\LIB\CW32.LIB|cvtfakw ACBP=A9
 0002:0007C63C 00000004 C=DATA    S=_DATA    G=DGROUP   M=C:\BCC56\LIB\CW32.LIB|deflt87 ACBP=A9
 0002:0007C640 0000000C C=DATA    S=_DATA    G=DGROUP   M=C:\BCC56\LIB\CW32.LIB|exp ACBP=A9
 0002:0007C64C 00000012 C=DATA    S=_DATA    G=DGROUP   M=C:\BCC56\LIB\CW32.LIB|f87exp ACBP=A9
 0002:0007C660 00000016 C=DATA    S=_DATA    G=DGROUP   M=C:\BCC56\LIB\CW32.LIB|f87log ACBP=A9
 0002:0007C678 0000007C C=DATA    S=_DATA    G=DGROUP   M=C:\BCC56\LIB\CW32.LIB|hugeval ACBP=A9
 0002:0007C6F4 00000008 C=DATA    S=_DATA    G=DGROUP   M=C:\BCC56\LIB\CW32.LIB|initcvt ACBP=A9
 0002:0007C6FC 0000000C C=DATA    S=_DATA    G=DGROUP   M=C:\BCC56\LIB\CW32.LIB|log ACBP=A9
 0002:0007C708 00000008 C=DATA    S=_DATA    G=DGROUP   M=C:\BCC56\LIB\CW32.LIB|mathptr ACBP=A9
[...]
 0001:000B162C  __Global_unwind
 0001:000B1768  _CatchCleanup()
 0001:000B1C98  __Local_unwind
 0001:000B1CAB  __Return_unwind
 0001:000B1D0C  ____ExceptionHandler
 0001:000B2A8A  __CurrExcContext
 0002:00000000  d1_1
 0002:00000044  ___isGUI
 0002:0000007C  ___isVCLPackage
 0002:0000007D  ___isDLL
 0002:0000008A  ___useDynamicTLS
 0002:0000008B  __TLS_index
 0002:0000008F  __TLS_index4
 0002:00000093  __hInstance
 0002:00000098  ___CPPdebugHook
 0002:00000098  ___CPPdebugHook_segment
 0002:0000009C  __PackageInfoTable
 0002:000000A4  d2_1
 0002:00000A00  d26_1
 0002:000017D4  d28_1
 0002:000022C4  d30_1
 0002:00005C40  d32_1
 0002:000090F8  d38_1
 0002:00009DB0  d40_1
 0002:0000AF74  d46_1
 0002:0000B8F4  d50_1
 0002:0000E314  d52_1
 0002:0000EB40  d66_1
 0002:0000F538  d70_1
 0002:00012BE0  d72_1
 0002:00013180  d82_1
 0002:00014308  d88_1
 0002:00015918  d90_1
 0002:00015C58  d92_1
 0002:000163F8  d94_1
 0002:00016848  d98_1
 0002:000171E0  d104_1
 0002:00018008  d112_1
 0002:00018A50  d116_1
 0002:0001AFB4  d126_1
 0002:0001CA34  d128_1
 0002:0001DC00  d136_1
 0002:00021640  d138_1
 0002:00023168  d142_1
 0002:0002668C  d158_1
 0002:00026B3C  d174_1
 0002:0002700C  d178_1
 0002:00027538  d180_1
 0002:0002AAE4  d182_1
 0002:0002BCA0  d184_1
 0002:0002CC8C  d188_1
 0002:0002D2FC  d196_1
 0002:0002D75C  d198_1
 0002:0002E8A8  d200_1
 0002:00033E24  d204_1
 0002:000351BC  d206_1
 0002:00036864  d218_1
 0002:00037780  d222_1
 0002:00037DBC  d230_1
 0002:00038080  d260_1
 0002:00039390  d276_1
 0002:0003A938  d282_1
 0002:0003B108  d286_1
 0002:0003B89C  d300_1
 0002:0003D578  d304_1
 0002:0003E6FC  d332_1
 0002:0003F4C4  d348_1
 0002:0003F754  d356_1
 0002:0003F988  d358_1
 0002:00045014  d364_1
 0002:00046D18  d366_1
 0002:00050FD0  d370_1
 0002:0005269C  d372_1
 0002:000562E8  d374_1
 0002:00056B40  d378_1
 0002:000594B4  d392_1
 0002:0005A654  d394_1
 0002:0005F3CC  d400_1
 0002:0005F7E4  _hDLL
 0002:0005F920  d404_1
 0002:0005F934  __odtbl__ TActiveX::TActiveX(HWND__ *)
 0002:0005F954  __ectbl__ TActiveX::TActiveX(HWND__ *)
 0002:0005F980  __odtbl__ HB_FUN_CREATEACTIVEX()
 0002:0005F990  __ectbl__ HB_FUN_CREATEACTIVEX()
 0002:0005F9B0  @TActiveXEvent@3
 0002:0005F9D8  @TActiveX@3
 0002:0005FB68  @IDispatch@3
 0002:0005FB90  @IOleControlSite@3
 0002:0005FBC4  @IOleInPlaceUIWindow@3
 0002:0005FBF4  @IOleInPlaceFrame@3
 0002:0005FC3C  @IOleWindow@3
 0002:0005FC5C  @IOleInPlaceSite@3
 0002:0005FCA4  @IUnknown@3
 0002:0005FCBC  @IOleClientSite@3
 0002:0005FCEC  __ectbl__ __stdcall TActiveX::Release()
 0002:0005FCF4  d424_1
 0002:0005FD00  d426_1
 0002:0005FD10  d428_1
 0002:0005FD14  d432_1
 0002:00061530  d434_1
 0002:00061538  d436_1
 0002:000615A4  d444_1
 0002:000615A8  d462_1
 0002:000615B0  d466_1
 0002:000615B8  d470_1
 0002:00061650  d472_1
 0002:00061650  _regex
 0002:000618D8  d476_1
 0002:000618DC  d478_1
 0002:00061D24  d496_1
 0002:00061D28  d500_1
 0002:00061D30  d514_1
 0002:00061D34  d532_1
 0002:00061D4C  d536_1
 0002:00061D5C  d538_1
 0002:00061D60  d542_1
 0002:00061D70  d544_1
 0002:00061D94  d546_1
 0002:00061DB8  d548_1
 0002:00061DBC  _wLastKey
 0002:00061DC4  d554_1
 0002:00061DEC  d560_1
 0002:00061DF0  d566_1
 0002:00061E00  d568_1
 0002:00061E0C  d572_1
 0002:00061E10  d578_1
 0002:00061E20  d580_1
 0002:00061EC0  d582_1
 0002:00061EC4  d588_1
 0002:00061EC8  d592_1
 0002:00061ECC  d614_1
 0002:00061F74  d618_1
 0002:00061F7C  d628_1
 0002:0006202C  d632_1
 0002:00062030  d646_1
 0002:00062034  d648_1
 0002:000621D8  d652_1
 0002:000621DC  d662_1
 0002:000621F4  d664_1
 0002:000621F8  d676_1
 0002:00062208  d682_1
 0002:00062230  d684_1
 0002:00062238  d688_1
 0002:00062250  d696_1
 0002:00062254  d718_1
 0002:000623EC  d724_1
 0002:00062400  d726_1
 0002:00062414  d740_1
 0002:0006242C  d754_1
 0002:00062474  d762_1
 0002:00062488  d774_1
 0002:00062494  _bDbgBreak
 0002:00062498  _bDbgActive
 0002:000624A0  @std@exception@3
 0002:000624B4  d778_1
 0002:00062530  d780_1
 0002:00062534  d786_1
 0002:00062540  d788_1
 0002:00062550  d796_1
 0002:00062750  _hb_uniTbl_437
 0002:000628A4  _hb_cdp_page
 0002:000628B4  d798_1
 0002:000628BC  d800_1
 0002:000628C0  d802_1
 0002:000628F8  d806_1
 0002:00062908  d808_1
 0002:0006295C  d818_1
 0002:000629F4  d834_1
 0002:00062A0C  d836_1
 0002:00062A10  d842_1
 0002:00062AD4  d846_1
 0002:00062AD8  d848_1
 0002:00062ADC  d852_1
 0002:00062AF8  d860_1
 0002:00062B28  d874_1
 0002:00062B88  d884_1
 0002:00062BA8  d886_1
 0002:00062D7C  _s_defaultGT
 0002:00062E44  d888_1
 0002:00062E68  d894_1
 0002:00062E6C  d902_1
 0002:00062E98  d906_1
 0002:00062EAC  _hb_vm_bCollectGarbage
 0002:00062EB0  d908_1
 0002:00062EBC  d916_1
 0002:00062F1C  d918_1
 0002:00062F24  d920_1
 0002:00062F28  d924_1
 0002:0006307C  d928_1
 0002:00063080  d930_1
 0002:00063088  d956_1
 0002:0006308C  d958_1
 0002:00063090  d960_1
 0002:00063094  d962_1
 0002:00063174  d966_1
 0002:00063194  d972_1
 0002:00063280  d974_1
 0002:0006328C  d976_1
 0002:00063290  d978_1
 0002:0006329C  d987_1
 0002:000632A4  _hb_set_ptr
 0002:000632A4  d989_1
 0002:0006334C  d995_1
 0002:00063350  d1009_1
 0002:00063358  d1011_1
 0002:0006335C  d1013_1
 0002:00063360  d1017_1
 0002:0006336C  d1019_1
 0002:00063370  d1027_1
 0002:0006337C  d1029_1
 0002:00063388  d1031_1
 0002:0006338C  d1033_1
 0002:00063394  d1037_1
 0002:00063454  d1039_1
 0002:00063484  d1041_1
 0002:00063608  d1043_1
 0002:00063618  d1045_1
 0002:00063624  d1047_1
 0002:0006362C  d1049_1
 0002:00063630  d1053_1
 0002:0006363C  d1055_1
 0002:00063694  d1057_1
 0002:0006369C  d1059_1
 0002:000636A4  d1061_1
 0002:000636A8  d1066_1
 0002:00063B84  d1080_1
 0002:00064B40  d1118_1
 0002:00064C18  d1124_1
 0002:00065D24  d1158_1
 0002:000675C4  d1162_1
 0002:00067B64  d1164_1
 0002:0006E3E8  d1166_1
 0002:0006E79C  d1174_1
 0002:0006F3E4  d1178_1
 0002:0006F89C  d1208_1
 0002:0006F8C8  d1210_1
 0002:0006FA94  d1216_1
 0002:0006FAC0  _hb_cls_uiArrayClass
 0002:0006FAC2  _hb_cls_uiBlockClass
 0002:0006FAC4  _hb_cls_uiCharacterClass
 0002:0006FAC6  _hb_cls_uiDateClass
 0002:0006FAC8  _hb_cls_uiLogicalClass
 0002:0006FACA  _hb_cls_uiNilClass
 0002:0006FACC  _hb_cls_uiNumericClass
 0002:0006FACE  _hb_cls_uiPointerClass
 0002:0006FAD0  _hb_cls_uiHashClass
 0002:0006FFC8  d1218_1
 0002:0006FFF4  d1220_1
 0002:00070000  _hb_hInstance
 0002:00070004  _hb_hPrevInstance
 0002:00070008  _hb_iCmdShow
 0002:0007000C  _s_WinMainParam
 0002:000700D8  d1222_1
 0002:0007010C  d1226_1
 0002:00070144  d1232_1
 0002:00070160  d1234_1
 0002:00070160  _hb_errFuncName
 0002:000703A0  d1236_1
 0002:000703A0  _hb_stack_ptr
 0002:000703A4  _hb_stack_ready
 0002:00070534  d1238_1
 0002:00070550  d1242_1
 0002:00070554  d1246_1
 0002:00070560  _hb_gc_bReleaseAll
 0002:00070598  d1248_1
 0002:000708C0  d1250_1
 0002:000709A0  d1252_1
 0002:000709A4  _pHVMFuncService
 0002:000709A8  _hb_bProfiler
 0002:000709AC  _hb_bTracePrgCalls
 0002:000709B0  _hb_symEval
 0002:000709E4  _hb_vm_sNull
 0002:000709E8  _hb_vm_bQuitRequest
 0002:000709EC  _hb_vm_iTry
 0002:000709F0  _hb_vm_BreakBlock
 0002:00071430  d1258_1
 0002:00071998  d1260_1
 0002:000719CC  d1262_1
 0002:00071A74  _hb_comp_bShortCuts
 0002:00071A74  d1264_1
 0002:00071A9C  d1270_1
 0002:00071AA4  d1272_1
 0002:00071BD0  d1278_1
 0002:00071C2C  d1286_1
 0002:00071C34  d1288_1
 0002:00072084  d1314_1
 0002:00072A0C  d1402_1
 0002:00075AE8  d1404_1
 0002:00075B28  d1406_1
 0002:00075B28  _hb_comp_ExprTable
 0002:00075C98  d1410_1
 0002:00075CD4  _yytext
 0002:00075D9C  _aPairs
 0002:00076980  d1412_1
 0002:00076C14  d1414_1
 0002:00076DEC  d1416_1
 0002:00076E5C  d1418_1
 0002:00076E9C  d1420_1
 0002:000770B0  d1448_1
 0002:000773B0  d1450_1
 0002:00077418  d1608_1
 0002:000778B0  d1610_1
 0002:00077B2C  d1640_1
 0002:00077B34  _hb_szAscii
 0002:00077B34  d1646_1
 0002:000781BC  d1648_1
 0002:000781BC  _hb_tr_file_
 0002:000781C0  _hb_tr_line_
 0002:000781C4  _hb_tr_level_
 0002:0007827C  d1650_1
 0002:000792C4  d1652_1
 0002:00079480  d1656_1
 0002:000796DC  d1658_1
 0002:00079764  d1672_0
 0002:00079764  __pcre_default_tables
 0002:00079BA4  d1674_1
 0002:0007A7E4  d1680_1
 0002:0007A7F0  _pcre_malloc
 0002:0007A7F0  d1686_0
 0002:0007A7F4  _pcre_free
 0002:0007A7F8  _pcre_stack_malloc
 0002:0007A7FC  _pcre_stack_free
 0002:0007A800  _pcre_callout
 0002:0007A804  d1700_0
 0002:0007A804  __pcre_OP_lengths
 0002:0007A874  d1712_1
 0002:0007AB08  d1728_1
 0002:0007AB50  @std@bad_alloc@3
 0002:0007AB64  d1732_1
 0002:0007ABD8  d1752_1
 0002:0007ABDC  d1754_1
 0002:0007AC74  d1764_1
 0002:0007AC78  __heap_redirector
 0002:0007AC94  d1770_1
 0002:0007AC94  __virt_heap_size
 0002:0007AC98  __virt_chunk_size
 0002:0007AC9C  __virt_chunk_size2
 0002:0007ACA0  __nv_heap_size
 0002:0007ACA4  __smalloc_threshold
 0002:0007ACA8  __virt_chunk_free
 0002:0007ACAC  __virt_chunk_free2
 0002:0007ACB0  __firstHeap
 0002:0007ACB4  __lastHeap
 0002:0007ACB8  __linktable
 0002:0007ACBC  __freeStart
 0002:0007ACC8  __rover
 0002:0007ACD0  ___allocated
 0002:0007ACD4  d1798_1
 0002:0007AD0C  __ectbl__ std::bad_typeid::~bad_typeid()
 0002:0007AD14  __ectbl__ std::bad_cast::~bad_cast()
 0002:0007AD1C  @std@bad_typeid@3
 0002:0007AD30  @std@bad_cast@3
 0002:0007AD44  d1859_1
 0002:0007AD44  __rwstd::__rw_stdexcept_NoNamedException
 0002:0007AD48  __rwstd::__rw_stdexcept_BadException
 0002:0007AD4C  __rwstd::__rw_stdexcept_BadAllocException
 0002:0007AD50  __rwstd::__rw_stdexcept_Error
 0002:0007ADB4  __odtbl__ std::bad_alloc::~bad_alloc()
 0002:0007ADC4  __ectbl__ std::bad_alloc::~bad_alloc()
 0002:0007ADD8  ___xxPersonality
 0002:0007ADD8  d2059_0
 0002:0007ADDC  d2061_1
 0002:0007B0FC  __ectbl__ __GetTypeInfo(void *, void *, void *)
 0002:0007B104  @type_info_hash@3
 0002:0007B114  @std@type_info@3
 0002:0007B124  d2063_1
 0002:0007B124  ___terminatePTR
 0002:0007B128  ___unexpectdPTR
 0002:0007B12C  __chtbl__ std::terminate()
 0002:0007B14C  __ectbl__ std::terminate()
 0002:0007B160  d2065_1
 0002:0007B160  ___CPPexceptionList
 0002:0007B164  ___exceptFlags
 0002:0007B168  ___throwFileName
 0002:0007B16C  ___throwLineNumber
 0002:0007B170  ___throwExceptionName
 0002:0007B174  ___exceptStaticBuffP
 0002:0007B178  ___exceptMemAllocVars
 0002:0007B17C  ___ExceptStaticXbuff
 0002:0007B1FC  __ExceptVarsSize
 0002:0007B210  __chtbl__ __call_terminate()
 0002:0007B230  __ectbl__ __call_terminate()
 0002:0007B244  __stkchk
 0002:0007B244  d2071_1
 0002:0007B258  d2087_1
 0002:0007B264  __cfinfo_get
 0002:0007B264  d2107_1
 0002:0007B268  d2161_1
 0002:0007B268  __notUmask
 0002:0007B26C  d2187_0
 0002:0007B26C  __fileinfo
 0002:0007B270  __streams
 0002:0007B270  d2257_0
 0002:0007B720  __nfile
 0002:0007B720  d2259_0
 0002:0007B724  __openfd
 0002:0007B7EC  __fmode
 0002:0007B7EC  d2269_0
 0002:0007B7F0  d2271_1
 0002:0007B7F0  __fmodeptr
 0002:0007B7F4  d2336_1
 0002:0007B7F4  __dosErrorToSV
 0002:0007B920  d2359_1
 0002:0007B92C  d2367_1
 0002:0007B92C  __sys_errlist
 0002:0007B9F0  __sys_nerr
 0002:0007BDA8  d2430_1
 0002:0007BDC0  d2462_1
 0002:0007BE38  __chartype
 0002:0007BE38  d2542_0
 0002:0007C03C  __lower
 0002:0007C03C  d2548_0
 0002:0007C13C  __upper
 0002:0007C13C  d2552_0
 0002:0007C23C  d2571_0
 0002:0007C23C  _CMonetary
 0002:0007C270  _CNumeric
 0002:0007C288  _CTimeDate
 0002:0007C34C  _CLOCALE
 0002:0007C378  ___locale
 0002:0007C49C  d2699_1
 0002:0007C4AC  d2705_1
 0002:0007C56C  __realcvtptr
 0002:0007C56C  d2760_1
 0002:0007C570  __nextrealptr
 0002:0007C574  __scantodptr
 0002:0007C578  __scanrsltptr
 0002:0007C5D4  __realcvtwptr
 0002:0007C5D4  d2762_1
 0002:0007C5D8  __nextrealwptr
 0002:0007C5DC  __scanwtodptr
 0002:0007C5E0  __scanwrsltptr
 0002:0007C63C  __default87
 0002:0007C63C  d2764_0
 0002:0007C640  d2770_1
 0002:0007C64C  d2778_1
 0002:0007C660  d2780_1
 0002:0007C678  d2818_0
 0002:0007C678  __huge_flt
 0002:0007C67C  __huge_dble
 0002:0007C684  __huge_ldble
 0002:0007C68E  __max_flt
 0002:0007C692  __max_dble
 0002:0007C69A  __max_ldble
 0002:0007C6A4  __indefinite
 0002:0007C6A8  __tiny_ldble
 0002:0007C6B4  ___ieee_64_p_inf
 0002:0007C6BC  ___ieee_64_n_inf
 0002:0007C6C4  ___ieee_64_p_nanq
 0002:0007C6CC  ___ieee_64_n_nanq
 0002:0007C6D4  ___ieee_64_p_nans
 0002:0007C6DC  ___ieee_64_n_nans
 0002:0007C6E4  ___ieee_64_p_zero
 0002:0007C6EC  ___ieee_64_n_zero
 0002:0007C6F4  d2828_0
 0002:0007C6F4  __turboFloat
 0002:0007C6F8  __floatconvert
 0002:0007C6FC  d2842_1
 0002:0007C708  d2866_1
 0002:0007C708  __pmatherr
 0002:0007C70C  __pmatherrl
 0002:0007C710  __mathwhy
 0002:0007C710  d2870_0
 0002:0007C754  d2880_1
 0002:0007C770  d2892_1
 0002:0007C778  d2894_1
 0002:0007C78C  d2896_1
 0002:0007C7B4  d2903_1
 0002:0007C7DC  d2905_1
 0002:0007C804  d2915_1
 0002:0007C814  __kalpha
 0002:0007C814  d2963_1
 0002:0007C816  __kpunct
 0002:0007C85C  d3099_1
 0002:0007C880  d3115_1
 0002:0007C8A4  _errno
 0002:0007C8A4  d3117_1
 0002:0007C8A8  __messagefunc
 0002:0007C8A8  d3119_1
 0002:0007C8AC  __messagefile
 0002:0007C8B8  d3127_1
 0002:0007C8E0  d3129_1
 0002:0007C900  d3146_1
 0002:0007C920  d3148_0
 0002:0007C920  ___pCallAtExitProcs
 0002:0007C924  __exitbuf
 0002:0007C924  d3184_1
 0002:0007C928  __exitfopen
 0002:0007C92C  __exitopen
 0002:0007C930  __setargv_ptr
 0002:0007C930  d3204_0
 0002:0007C934  __exitargv_ptr
 0002:0007C938  __wsetargv_ptr
 0002:0007C938  d3206_0
 0002:0007C93C  __wexitargv_ptr
 0002:0007C940  __setargv__
 0002:0007C940  d3208_1
 0002:0007C994  __cmdline_escapes
 0002:0007C994  d3210_1
 0002:0007C9BC  d3212_1
 0002:0007C9E0  d3265_0
 0002:0007C9E0  __argv_expand_ptr
 0002:0007C9E4  d3267_0
 0002:0007C9E4  __wargv_expand_ptr
 0002:0007C9E8  d3269_1
 0002:0007C9E8  __argv0
 0002:0007CA08  __setenvp__
 0002:0007CA08  d3283_1
 0002:0007CA5C  d3287_1
 0002:0007CABC  __isWindows
 0002:0007CABC  d3305_0
 0002:0007CAC0  d3306_1
 0002:0007CAC4  __SWeekday
 0002:0007CAC4  d3336_0
 0002:0007CAE0  __LWeekday
 0002:0007CAFC  __SMonth
 0002:0007CB2C  __LMonth
 0002:0007CB5C  __AmPm
 0002:0007CB64  __Days
 0002:0007CB70  __YDays
 0002:0007CC88  d3342_1
 0002:0007CC88  __timezone
 0002:0007CC8C  __daylight
 0002:0007CC90  __tzname
 0002:0007CC90  d3344_1
 0002:0007CCA0  d3350_1
 0002:0007CCA4  d3400_1
 0002:0007CCA4  ___debuggerDisableTerminateCallback
 0002:0007D530  _GUID_NULL
 0002:0007D530  d3553_0
 0002:0007D540  _IID_IUnknown
 0002:0007D550  _IID_IDispatch
 0002:0007D560  _IID_IPersistStreamInit
 0002:0007D570  _IID_IOleControlSite
 0002:0007D580  _IID_IProvideClassInfo2
 0002:0007D590  _IID_IConnectionPointContainer
 0002:0007D5A0  _IID_IOleInPlaceSite
 0002:0007D5B0  _IID_IOleInPlaceObject
 0002:0007D5C0  _IID_IOleInPlaceFrame
 0002:0007D5D0  _IID_IOleInPlaceUIWindow
 0002:0007D5E0  _IID_IOleWindow
 0002:0007D5F0  _IID_IOleObject
 0002:0007D600  _IID_IOleClientSite
 0003:00000000  b2_2
 0003:00000024  b26_2
 0003:00000048  b28_2
 0003:0000006C  b30_2
 0003:00000090  b32_2
 0003:000000B4  b38_2
 0003:000000D8  b40_2
 0003:000000FC  b46_2
 0003:00000120  b50_2
 0003:00000144  b52_2
 0003:00000168  b66_2
 0003:0000018C  b70_2
 0003:000001B0  b72_2
 0003:000001D4  b82_2
 0003:000001F8  b88_2
 0003:0000021C  b90_2
 0003:00000240  b92_2
 0003:00000264  b94_2
 0003:00000288  b98_2
 0003:000002AC  b104_2
 0003:000002D0  b112_2
 0003:000002F4  b116_2
 0003:00000318  b126_2
 0003:0000033C  b128_2
 0003:00000360  b136_2
 0003:00000384  b138_2
 0003:000003A8  b142_2
 0003:000003CC  b158_2
 0003:000003F0  b174_2
 0003:00000414  b178_2
 0003:00000438  b180_2
 0003:0000045C  b182_2
 0003:00000480  b184_2
 0003:000004A4  b188_2
 0003:000004C8  b196_2
 0003:000004EC  b198_2
 0003:00000510  b200_2
 0003:00000534  b204_2
 0003:00000558  b206_2
 0003:0000057C  b218_2
 0003:000005A0  b222_2
 0003:000005C4  b230_2
 0003:000005E8  b260_2
 0003:0000060C  b276_2
 0003:00000630  b282_2
 0003:00000654  b286_2
 0003:00000678  b300_2
 0003:0000069C  b304_2
 0003:000006C0  b332_2
 0003:000006E4  b348_2
 0003:00000708  b356_2
 0003:0000072C  b358_2
 0003:00000750  b364_2
 0003:00000774  b366_2
 0003:00000798  b370_2
 0003:000007BC  b372_2
 0003:000007E0  b374_2
 0003:00000804  b378_2
 0003:00000828  b392_2
 0003:0000084C  b394_2
 0003:00000870  b400_2
 0003:00000894  _pHTMLHelp
 0003:00000898  b434_2
 0003:000008EC  b472_2
 0003:000009F4  b500_2
 0003:00000B84  b532_2
 0003:00000C2C  b554_2
 0003:00000C30  b572_2
 0003:00000CD0  b606_1
 0003:00000D48  b628_2
 0003:00000E88  b648_2
 0003:00000EC0  b652_2
 0003:00000EC8  b662_2
 0003:00000F0C  b682_2
 0003:00000F18  b762_2
 0003:00001238  b770_1
 0003:0000123C  b802_2
 0003:00001240  b818_2
 0003:00001258  b834_2
 0003:00001460  b858_1
 0003:00001468  b886_2
 0003:00001574  b916_2
 0003:00001674  _hb_set
 0003:00001674  b989_2
 0003:000019E0  _s_PrintFileName
 0003:00001AE0  _s_PrinterName
 0003:00001BE0  _s_isDefaultPrinterDevice
 0003:00001BE4  b999_1
 0003:00001BE8  b1055_2
 0003:00001C0C  b1061_2
 0003:00001C10  b1066_2
 0003:00001C34  b1080_2
 0003:00001C58  b1118_2
 0003:00001C7C  b1124_2
 0003:00001CA0  b1158_2
 0003:00001CC4  b1162_2
 0003:00001CE8  b1164_2
 0003:00001D0C  b1166_2
 0003:00001D30  b1174_2
 0003:00001D54  b1178_2
 0003:00001D78  b1220_2
 0003:00001D9C  b1234_2
 0003:00001DA4  _hb_stackST
 0003:00001DA4  b1236_2
 0003:0000332C  b1242_2
 0003:0000334C  b1244_1
 0003:00003550  b1250_2
 0003:000036D8  _hb_ulOpcodesCalls
 0003:000036D8  b1252_2
 0003:000039A4  _hb_ulOpcodesTime
 0003:00003CB8  b1270_2
 0003:00003FB8  b1288_2
 0003:00003FDC  b1402_2
 0003:00004020  b1410_2
 0003:000040E8  _yyleng
 0003:000040F4  _yyin
 0003:00008B00  b1420_2
 0003:00008CB0  b1448_2
 0003:00008CD4  b1450_2
 0003:00008CF8  b1608_2
 0003:00008EAC  b1610_2
 0003:0000905C  b1732_2
 0003:0000905C  __new_handler
 0003:00009060  ___bad_alloc
 0003:00009064  b1754_2
 0003:00009064  __bormm_pfn_FreeMem
 0003:00009068  __bormm_pfn_GetMem
 0003:0000906C  __bormm_pfn_ReallocMem
 0003:00009070  __bormm_pfn_HeapAddRef
 0003:00009074  __bormm_pfn_HeapRelease
 0003:0000907C  b1798_2
 0003:00009084  b2061_2
 0003:0000948C  __DestructorCountPtr
 0003:0000948C  b2065_2
 0003:00009494  b2071_2
 0003:00009494  __HandlerPtr
 0003:00009498  __UserHandlerPtr
 0003:0000949C  __pidtab
 0003:0000949C  b2259_1
 0003:00009564  __handles
 0003:0000962C  b2336_2
 0003:0000962C  __doserrno
 0003:00009630  b2342_1
 0003:00009634  b2359_2
 0003:00009634  __tmpnum
 0003:00009644  __mbctype
 0003:00009644  b2963_2
 0003:00009748  __mbcsCodePage
 0003:0000974C  b3099_2
 0003:0000984C  b3115_2
 0003:00009868  __ostype
 0003:00009868  b3127_2
 0003:0000986C  b3131_1
 0003:00009874  b3208_2
 0003:00009874  __argv
 0003:00009880  b3210_2
 0003:00009884  b3212_2
 0003:00009888  b3283_2
 0003:00009888  __environ
 0003:00009890  __envsize
 0003:00009894  __env_lock
 0003:00009898  b3305_1
 0003:00009898  __C0argc
 0003:0000989C  __C0argv
 0003:000098A0  __C0environ
 0003:000098A4  __oscmd
 0003:000098A8  __osenv
 0003:000098AC  __argc
 0003:000098B0  __dll_table
 0003:000098B8  __ExcRegPtr
 0003:000098BC  __wosenv
 0003:000098C0  __woscmd
 0003:000098C4  __wC0argv
 0003:000098C8  __wC0environ
 0003:000098CC  __exe_table
 0003:000098D4  __stkbase
 0003:000098D8  b3344_2
 0003:000098E0  b3400_2
 0003:000098E4  ___pCPPdebugHook
 0004:00000000  ___xxInfo
 0004:00000000  t2065_3
